Archive member included to satisfy reference by file (symbol)

/Users/george/gcc-arm-none-eabi-5_3-2016q1/bin/../lib/gcc/arm-none-eabi/5.3.1/../../../../arm-none-eabi/lib/armv6-m/libc_nano.a(lib_a-exit.o)
                              /Users/george/gcc-arm-none-eabi-5_3-2016q1/bin/../lib/gcc/arm-none-eabi/5.3.1/../../../../arm-none-eabi/lib/armv6-m/crt0.o (exit)
/Users/george/gcc-arm-none-eabi-5_3-2016q1/bin/../lib/gcc/arm-none-eabi/5.3.1/../../../../arm-none-eabi/lib/armv6-m/libc_nano.a(lib_a-impure.o)
                              /Users/george/gcc-arm-none-eabi-5_3-2016q1/bin/../lib/gcc/arm-none-eabi/5.3.1/../../../../arm-none-eabi/lib/armv6-m/libc_nano.a(lib_a-exit.o) (_global_impure_ptr)
/Users/george/gcc-arm-none-eabi-5_3-2016q1/bin/../lib/gcc/arm-none-eabi/5.3.1/../../../../arm-none-eabi/lib/armv6-m/libc_nano.a(lib_a-init.o)
                              /Users/george/gcc-arm-none-eabi-5_3-2016q1/bin/../lib/gcc/arm-none-eabi/5.3.1/../../../../arm-none-eabi/lib/armv6-m/crt0.o (__libc_init_array)
/Users/george/gcc-arm-none-eabi-5_3-2016q1/bin/../lib/gcc/arm-none-eabi/5.3.1/../../../../arm-none-eabi/lib/armv6-m/libc_nano.a(lib_a-memset.o)
                              /Users/george/gcc-arm-none-eabi-5_3-2016q1/bin/../lib/gcc/arm-none-eabi/5.3.1/../../../../arm-none-eabi/lib/armv6-m/crt0.o (memset)
/Users/george/gcc-arm-none-eabi-5_3-2016q1/bin/../lib/gcc/arm-none-eabi/5.3.1/../../../../arm-none-eabi/lib/armv6-m/libnosys.a(_exit.o)
                              /Users/george/gcc-arm-none-eabi-5_3-2016q1/bin/../lib/gcc/arm-none-eabi/5.3.1/../../../../arm-none-eabi/lib/armv6-m/libc_nano.a(lib_a-exit.o) (_exit)
/Users/george/gcc-arm-none-eabi-5_3-2016q1/bin/../lib/gcc/arm-none-eabi/5.3.1/armv6-m/libgcc.a(_udivsi3.o)
                              _build/nrf51422_xxac_bsp.c.o (__aeabi_uidiv)
/Users/george/gcc-arm-none-eabi-5_3-2016q1/bin/../lib/gcc/arm-none-eabi/5.3.1/armv6-m/libgcc.a(_divsi3.o)
                              _build/nrf51422_xxac_misc.c.o (__aeabi_idiv)
/Users/george/gcc-arm-none-eabi-5_3-2016q1/bin/../lib/gcc/arm-none-eabi/5.3.1/armv6-m/libgcc.a(_dvmd_tls.o)
                              /Users/george/gcc-arm-none-eabi-5_3-2016q1/bin/../lib/gcc/arm-none-eabi/5.3.1/armv6-m/libgcc.a(_udivsi3.o) (__aeabi_idiv0)
/Users/george/gcc-arm-none-eabi-5_3-2016q1/bin/../lib/gcc/arm-none-eabi/5.3.1/../../../../arm-none-eabi/lib/armv6-m/libc_nano.a(lib_a-ctype_.o)
                              _build/nrf51422_xxac_nrf_log_backend_serial.c.o (__ctype_ptr__)
/Users/george/gcc-arm-none-eabi-5_3-2016q1/bin/../lib/gcc/arm-none-eabi/5.3.1/../../../../arm-none-eabi/lib/armv6-m/libc_nano.a(lib_a-memcmp.o)
                              _build/nrf51422_xxac_id_manager.c.o (memcmp)
/Users/george/gcc-arm-none-eabi-5_3-2016q1/bin/../lib/gcc/arm-none-eabi/5.3.1/../../../../arm-none-eabi/lib/armv6-m/libc_nano.a(lib_a-memcpy-stub.o)
                              _build/nrf51422_xxac_app_scheduler.c.o (memcpy)
/Users/george/gcc-arm-none-eabi-5_3-2016q1/bin/../lib/gcc/arm-none-eabi/5.3.1/../../../../arm-none-eabi/lib/armv6-m/libc_nano.a(lib_a-snprintf.o)
                              _build/nrf51422_xxac_nrf_log_backend_serial.c.o (snprintf)
/Users/george/gcc-arm-none-eabi-5_3-2016q1/bin/../lib/gcc/arm-none-eabi/5.3.1/../../../../arm-none-eabi/lib/armv6-m/libc_nano.a(lib_a-strcpy.o)
                              _build/nrf51422_xxac_SEGGER_RTT.c.o (strcpy)
/Users/george/gcc-arm-none-eabi-5_3-2016q1/bin/../lib/gcc/arm-none-eabi/5.3.1/../../../../arm-none-eabi/lib/armv6-m/libc_nano.a(lib_a-strlen.o)
                              _build/nrf51422_xxac_nrf_log_backend_serial.c.o (strlen)
/Users/george/gcc-arm-none-eabi-5_3-2016q1/bin/../lib/gcc/arm-none-eabi/5.3.1/../../../../arm-none-eabi/lib/armv6-m/libc_nano.a(lib_a-nano-svfprintf.o)
                              /Users/george/gcc-arm-none-eabi-5_3-2016q1/bin/../lib/gcc/arm-none-eabi/5.3.1/../../../../arm-none-eabi/lib/armv6-m/libc_nano.a(lib_a-snprintf.o) (_svfprintf_r)
/Users/george/gcc-arm-none-eabi-5_3-2016q1/bin/../lib/gcc/arm-none-eabi/5.3.1/../../../../arm-none-eabi/lib/armv6-m/libc_nano.a(lib_a-nano-vfprintf_i.o)
                              /Users/george/gcc-arm-none-eabi-5_3-2016q1/bin/../lib/gcc/arm-none-eabi/5.3.1/../../../../arm-none-eabi/lib/armv6-m/libc_nano.a(lib_a-nano-svfprintf.o) (_printf_i)
/Users/george/gcc-arm-none-eabi-5_3-2016q1/bin/../lib/gcc/arm-none-eabi/5.3.1/../../../../arm-none-eabi/lib/armv6-m/libc_nano.a(lib_a-memchr-stub.o)
                              /Users/george/gcc-arm-none-eabi-5_3-2016q1/bin/../lib/gcc/arm-none-eabi/5.3.1/../../../../arm-none-eabi/lib/armv6-m/libc_nano.a(lib_a-nano-svfprintf.o) (memchr)
/Users/george/gcc-arm-none-eabi-5_3-2016q1/bin/../lib/gcc/arm-none-eabi/5.3.1/../../../../arm-none-eabi/lib/armv6-m/libc_nano.a(lib_a-memmove.o)
                              /Users/george/gcc-arm-none-eabi-5_3-2016q1/bin/../lib/gcc/arm-none-eabi/5.3.1/../../../../arm-none-eabi/lib/armv6-m/libc_nano.a(lib_a-nano-svfprintf.o) (memmove)
[...]
Memory Configuration

Name             Origin             Length             Attributes
FLASH            0x000000000001b000 0x0000000000025000 xr
RAM              0x0000000020001ff8 0x0000000000006008 xrw
BOOTLOADER_SETTINGS 0x000000000003fc00 0x0000000000001000 rw
*default*        0x0000000000000000 0xffffffffffffffff

Linker script and memory map


.text           0x000000000001b000     0xca94
 *(.isr_vector)
 .isr_vector    0x000000000001b000       0xc0 _build/nrf51422_xxac_gcc_startup_nrf51.S.o
                0x000000000001b000                __isr_vector
 *(.text*)
 .text          0x000000000001b0c0       0x60 /Users/george/gcc-arm-none-eabi-5_3-2016q1/bin/../lib/gcc/arm-none-eabi/5.3.1/armv6-m/crtbegin.o
 .text          0x000000000001b120       0x78 /Users/george/gcc-arm-none-eabi-5_3-2016q1/bin/../lib/gcc/arm-none-eabi/5.3.1/../../../../arm-none-eabi/lib/armv6-m/crt0.o
                0x000000000001b120                _mainCRTStartup
                0x000000000001b120                _start
 .text.exit     0x000000000001b198       0x2c /Users/george/gcc-arm-none-eabi-5_3-2016q1/bin/../lib/gcc/arm-none-eabi/5.3.1/../../../../arm-none-eabi/lib/armv6-m/libc_nano.a(lib_a-exit.o)
                0x000000000001b198                exit
 .text.__libc_init_array
                0x000000000001b1c4       0x4c /Users/george/gcc-arm-none-eabi-5_3-2016q1/bin/../lib/gcc/arm-none-eabi/5.3.1/../../../../arm-none-eabi/lib/armv6-m/libc_nano.a(lib_a-init.o)
                0x000000000001b1c4                __libc_init_array
 .text.memset   0x000000000001b210       0x10 /Users/george/gcc-arm-none-eabi-5_3-2016q1/bin/../lib/gcc/arm-none-eabi/5.3.1/../../../../arm-none-eabi/lib/armv6-m/libc_nano.a(lib_a-memset.o)
                0x000000000001b210                memset
 .text._exit    0x000000000001b220        0x4 /Users/george/gcc-arm-none-eabi-5_3-2016q1/bin/../lib/gcc/arm-none-eabi/5.3.1/../../../../arm-none-eabi/lib/armv6-m/libnosys.a(_exit.o)
                0x000000000001b220                _exit
 .text.app_sched_execute
                0x000000000001b224       0x7c _build/nrf51422_xxac_app_scheduler.c.o
                0x000000000001b224                app_sched_execute
 .text.dfu_settings_write_callback
                0x000000000001b2a0       0x20 _build/nrf51422_xxac_nrf_dfu_settings.c.o
 .text.nrf_dfu_settings_write
                0x000000000001b2c0      0x1ac _build/nrf51422_xxac_nrf_dfu_settings.c.o
                0x000000000001b2c0                nrf_dfu_settings_write
 .text.nrf_dfu_settings_init
                0x000000000001b46c       0x70 _build/nrf51422_xxac_nrf_dfu_settings.c.o
                0x000000000001b46c                nrf_dfu_settings_init
 .text.uart_event_handler
                0x000000000001b4dc       0x10 _build/nrf51422_xxac_nrf_log_backend_serial.c.o
 .text.nrf_log_backend_serial_hexdump_handler
                0x000000000001b4ec      0x294 _build/nrf51422_xxac_nrf_log_backend_serial.c.o
 .text.nrf_log_backend_serial_std_handler
                0x000000000001b780      0x1dc _build/nrf51422_xxac_nrf_log_backend_serial.c.o
 .text.nrf_log_backend_init
                0x000000000001b95c       0x88 _build/nrf51422_xxac_nrf_log_backend_serial.c.o
                0x000000000001b95c                nrf_log_backend_init
 .text.nrf_log_backend_std_handler_get
                0x000000000001b9e4        0x8 _build/nrf51422_xxac_nrf_log_backend_serial.c.o
                0x000000000001b9e4                nrf_log_backend_std_handler_get
 .text.nrf_log_backend_hexdump_handler_get
                0x000000000001b9ec        0x8 _build/nrf51422_xxac_nrf_log_backend_serial.c.o
                0x000000000001b9ec                nrf_log_backend_hexdump_handler_get
 .text.nrf_log_init
                0x000000000001b9f4       0x38 _build/nrf51422_xxac_nrf_log_frontend.c.o
                0x000000000001b9f4                nrf_log_init
 .text.nrf_log_blocking_backend_set
                0x000000000001ba2c        0xc _build/nrf51422_xxac_nrf_log_frontend.c.o
                0x000000000001ba2c                nrf_log_blocking_backend_set
 .text.nrf_log_frontend_std_0
                0x000000000001ba38       0x90 _build/nrf51422_xxac_nrf_log_frontend.c.o
                0x000000000001ba38                nrf_log_frontend_std_0
 .text.nrf_log_frontend_std_1
                0x000000000001bac8       0xa4 _build/nrf51422_xxac_nrf_log_frontend.c.o
                0x000000000001bac8                nrf_log_frontend_std_1
 .text.nrf_log_frontend_std_2
                0x000000000001bb6c       0xbc _build/nrf51422_xxac_nrf_log_frontend.c.o
                0x000000000001bb6c                nrf_log_frontend_std_2
 .text.nrf_log_frontend_std_3
                0x000000000001bc28       0xcc _build/nrf51422_xxac_nrf_log_frontend.c.o
                0x000000000001bc28                nrf_log_frontend_std_3
 .text.nrf_log_frontend_dequeue
                0x000000000001bcf4      0x188 _build/nrf51422_xxac_nrf_log_frontend.c.o
                0x000000000001bcf4                nrf_log_frontend_dequeue
 .text.app_error_handler_bare
                0x000000000001be7c       0x20 _build/nrf51422_xxac_app_error.c.o
                0x000000000001be7c                app_error_handler_bare
 .text.app_error_fault_handler
                0x000000000001be9c       0x34 _build/nrf51422_xxac_app_error_weak.c.o
                0x000000000001be9c                app_error_fault_handler
 .text.RTC1_IRQHandler
                0x000000000001bed0       0xdc _build/nrf51422_xxac_app_timer.c.o
                0x000000000001bed0                RTC1_IRQHandler
 .text.SWI0_IRQHandler
                0x000000000001bfac      0x500 _build/nrf51422_xxac_app_timer.c.o
                0x000000000001bfac                SWI0_IRQHandler
 .text.app_timer_init
                0x000000000001c4ac      0x130 _build/nrf51422_xxac_app_timer.c.o
                0x000000000001c4ac                app_timer_init
 .text.app_timer_create
                0x000000000001c5dc       0x34 _build/nrf51422_xxac_app_timer.c.o
                0x000000000001c5dc                app_timer_create
 .text.app_timer_start
                0x000000000001c610       0xc0 _build/nrf51422_xxac_app_timer.c.o
                0x000000000001c610                app_timer_start
 .text.app_timer_stop
                0x000000000001c6d0       0x84 _build/nrf51422_xxac_app_timer.c.o
                0x000000000001c6d0                app_timer_stop
 .text.app_util_critical_region_enter
                0x000000000001c754       0x40 _build/nrf51422_xxac_app_util_platform.c.o
                0x000000000001c754                app_util_critical_region_enter
 .text.app_util_critical_region_exit
                0x000000000001c794       0x2c _build/nrf51422_xxac_app_util_platform.c.o
                0x000000000001c794                app_util_critical_region_exit
 .text.crc32_compute
                0x000000000001c7c0       0x90 _build/nrf51422_xxac_crc32.c.o
                0x000000000001c7c0                crc32_compute
 .text.gc_record_find_next
                0x000000000001c850       0xc4 _build/nrf51422_xxac_fds.c.o
 .text.record_find_by_desc
                0x000000000001c914       0xe4 _build/nrf51422_xxac_fds.c.o
 .text.record_find.part.3
                0x000000000001c9f8       0xc8 _build/nrf51422_xxac_fds.c.o
 .text.queue_process
                0x000000000001cac0      0x768 _build/nrf51422_xxac_fds.c.o
 .text.fs_event_handler
                0x000000000001d228        0xc _build/nrf51422_xxac_fds.c.o
 .text.write_enqueue.part.7
                0x000000000001d234      0x20c _build/nrf51422_xxac_fds.c.o
 .text.fds_register
                0x000000000001d440       0x24 _build/nrf51422_xxac_fds.c.o
                0x000000000001d440                fds_register
 .text.fds_init
                0x000000000001d464      0x30c _build/nrf51422_xxac_fds.c.o
                0x000000000001d464                fds_init
 .text.fds_record_open
                0x000000000001d770       0x50 _build/nrf51422_xxac_fds.c.o
                0x000000000001d770                fds_record_open
 .text.fds_record_close
                0x000000000001d7c0       0x4c _build/nrf51422_xxac_fds.c.o
                0x000000000001d7c0                fds_record_close
 .text.fds_reserve
                0x000000000001d80c       0x70 _build/nrf51422_xxac_fds.c.o
                0x000000000001d80c                fds_reserve
 .text.fds_reserve_cancel
                0x000000000001d87c       0x48 _build/nrf51422_xxac_fds.c.o
                0x000000000001d87c                fds_reserve_cancel
 .text.fds_record_write
                0x000000000001d8c4       0x3c _build/nrf51422_xxac_fds.c.o
                0x000000000001d8c4                fds_record_write
 .text.fds_record_write_reserved
                0x000000000001d900       0x40 _build/nrf51422_xxac_fds.c.o
                0x000000000001d900                fds_record_write_reserved
 .text.fds_record_update
                0x000000000001d940       0x44 _build/nrf51422_xxac_fds.c.o
                0x000000000001d940                fds_record_update
 .text.fds_file_delete
                0x000000000001d984       0x6c _build/nrf51422_xxac_fds.c.o
                0x000000000001d984                fds_file_delete
 .text.fds_gc   0x000000000001d9f0       0x68 _build/nrf51422_xxac_fds.c.o
                0x000000000001d9f0                fds_gc
 .text.fds_record_find
                0x000000000001da58       0x38 _build/nrf51422_xxac_fds.c.o
                0x000000000001da58                fds_record_find
 .text.fds_record_find_by_key
                0x000000000001da90       0x38 _build/nrf51422_xxac_fds.c.o
                0x000000000001da90                fds_record_find_by_key
 .text.fds_record_find_in_file
                0x000000000001dac8       0x38 _build/nrf51422_xxac_fds.c.o
                0x000000000001dac8                fds_record_find_in_file
 .text.fds_record_id_from_desc
                0x000000000001db00       0x14 _build/nrf51422_xxac_fds.c.o
                0x000000000001db00                fds_record_id_from_desc
 .text.sd_flash_write
                0x000000000001db14        0x4 _build/nrf51422_xxac_fstorage.c.o
 .text.sd_flash_page_erase
                0x000000000001db18        0x4 _build/nrf51422_xxac_fstorage.c.o
 .text.unlikely.queue_get_next_free
                0x000000000001db1c       0x34 _build/nrf51422_xxac_fstorage.c.o
 .text.queue_process
                0x000000000001db50       0xc8 _build/nrf51422_xxac_fstorage.c.o
 .text.fs_init  0x000000000001dc18       0xc4 _build/nrf51422_xxac_fstorage.c.o
                0x000000000001dc18                fs_init
 .text.fs_fake_init
                0x000000000001dcdc       0x14 _build/nrf51422_xxac_fstorage.c.o
                0x000000000001dcdc                fs_fake_init
 .text.fs_store
                0x000000000001dcf0       0xb8 _build/nrf51422_xxac_fstorage.c.o
                0x000000000001dcf0                fs_store
 .text.fs_erase
                0x000000000001dda8       0xac _build/nrf51422_xxac_fstorage.c.o
                0x000000000001dda8                fs_erase
 .text.fs_queued_op_count_get
                0x000000000001de54       0x18 _build/nrf51422_xxac_fstorage.c.o
                0x000000000001de54                fs_queued_op_count_get
 .text.fs_sys_event_handler
                0x000000000001de6c      0x2b0 _build/nrf51422_xxac_fstorage.c.o
                0x000000000001de6c                fs_sys_event_handler
 .text.fs_queue_is_full
                0x000000000001e11c       0x14 _build/nrf51422_xxac_fstorage.c.o
                0x000000000001e11c                fs_queue_is_full
 .text.sdk_mapped_flags_first_key_index_get
                0x000000000001e130       0x58 _build/nrf51422_xxac_sdk_mapped_flags.c.o
                0x000000000001e130                sdk_mapped_flags_first_key_index_get
 .text.sdk_mapped_flags_update_by_key
                0x000000000001e188       0x78 _build/nrf51422_xxac_sdk_mapped_flags.c.o
                0x000000000001e188                sdk_mapped_flags_update_by_key
 .text.sdk_mapped_flags_bulk_update_by_key
                0x000000000001e200      0x230 _build/nrf51422_xxac_sdk_mapped_flags.c.o
                0x000000000001e200                sdk_mapped_flags_bulk_update_by_key
 .text.sdk_mapped_flags_get_by_key
                0x000000000001e430       0x64 _build/nrf51422_xxac_sdk_mapped_flags.c.o
                0x000000000001e430                sdk_mapped_flags_get_by_key
 .text.sdk_mapped_flags_key_list_get
                0x000000000001e494       0x78 _build/nrf51422_xxac_sdk_mapped_flags.c.o
                0x000000000001e494                sdk_mapped_flags_key_list_get
 .text.bsp_board_led_state_get
                0x000000000001e50c       0x1c _build/nrf51422_xxac_boards.c.o
                0x000000000001e50c                bsp_board_led_state_get
 .text.bsp_board_led_on
                0x000000000001e528       0x1c _build/nrf51422_xxac_boards.c.o
                0x000000000001e528                bsp_board_led_on
 .text.bsp_board_led_off
                0x000000000001e544       0x18 _build/nrf51422_xxac_boards.c.o
                0x000000000001e544                bsp_board_led_off
 .text.bsp_board_leds_off
                0x000000000001e55c       0x24 _build/nrf51422_xxac_boards.c.o
                0x000000000001e55c                bsp_board_leds_off
 .text.bsp_board_leds_on
                0x000000000001e580       0x24 _build/nrf51422_xxac_boards.c.o
                0x000000000001e580                bsp_board_leds_on
 .text.bsp_board_led_invert
                0x000000000001e5a4       0x30 _build/nrf51422_xxac_boards.c.o
                0x000000000001e5a4                bsp_board_led_invert
 .text.POWER_CLOCK_IRQHandler
                0x000000000001e5d4       0x78 _build/nrf51422_xxac_nrf_drv_clock.c.o
                0x000000000001e5d4                POWER_CLOCK_IRQHandler
 .text.nrf_drv_clock_on_soc_event
                0x000000000001e64c       0x24 _build/nrf51422_xxac_nrf_drv_clock.c.o
                0x000000000001e64c                nrf_drv_clock_on_soc_event
 .text.nrf_drv_clock_on_sd_enable
                0x000000000001e670       0x68 _build/nrf51422_xxac_nrf_drv_clock.c.o
                0x000000000001e670                nrf_drv_clock_on_sd_enable
 .text.nrf_drv_common_irq_enable
                0x000000000001e6d8       0x7c _build/nrf51422_xxac_nrf_drv_common.c.o
                0x000000000001e6d8                nrf_drv_common_irq_enable
 .text.nrf_drv_gpiote_init
                0x000000000001e754       0x74 _build/nrf51422_xxac_nrf_drv_gpiote.c.o
                0x000000000001e754                nrf_drv_gpiote_init
 .text.nrf_drv_gpiote_in_init
                0x000000000001e7c8      0x15c _build/nrf51422_xxac_nrf_drv_gpiote.c.o
                0x000000000001e7c8                nrf_drv_gpiote_in_init
 .text.nrf_drv_gpiote_in_event_enable
                0x000000000001e924       0xa8 _build/nrf51422_xxac_nrf_drv_gpiote.c.o
                0x000000000001e924                nrf_drv_gpiote_in_event_enable
 .text.GPIOTE_IRQHandler
                0x000000000001e9cc      0x4dc _build/nrf51422_xxac_nrf_drv_gpiote.c.o
                0x000000000001e9cc                GPIOTE_IRQHandler
 .text.nrf_drv_uart_init
                0x000000000001eea8      0x14c _build/nrf51422_xxac_nrf_drv_uart.c.o
                0x000000000001eea8                nrf_drv_uart_init
 .text.nrf_drv_uart_uninit
                0x000000000001eff4       0xfc _build/nrf51422_xxac_nrf_drv_uart.c.o
                0x000000000001eff4                nrf_drv_uart_uninit
 .text.nrf_drv_uart_tx
                0x000000000001f0f0      0x104 _build/nrf51422_xxac_nrf_drv_uart.c.o
                0x000000000001f0f0                nrf_drv_uart_tx
 .text.nrf_drv_uart_tx_in_progress
                0x000000000001f1f4       0x1c _build/nrf51422_xxac_nrf_drv_uart.c.o
                0x000000000001f1f4                nrf_drv_uart_tx_in_progress
 .text.UART0_IRQHandler
                0x000000000001f210      0x198 _build/nrf51422_xxac_nrf_drv_uart.c.o
                0x000000000001f210                UART0_IRQHandler
 .text.bsp_indication_set
                0x000000000001f3a8      0x220 _build/nrf51422_xxac_bsp.c.o
                0x000000000001f3a8                bsp_indication_set
 .text.bsp_event_to_button_action_assign
                0x000000000001f5c8       0x58 _build/nrf51422_xxac_bsp.c.o
                0x000000000001f5c8                bsp_event_to_button_action_assign
 .text.bsp_btn_ble_on_ble_evt
                0x000000000001f620       0xbc _build/nrf51422_xxac_bsp_btn_ble.c.o
                0x000000000001f620                bsp_btn_ble_on_ble_evt
 .text.sd_app_evt_wait
                0x000000000001f6dc        0x4 _build/nrf51422_xxac_main.c.o
 .text.sd_ble_gap_disconnect
                0x000000000001f6e0        0x4 _build/nrf51422_xxac_main.c.o
 .text.sd_ble_gap_ppcp_set
                0x000000000001f6e4        0x4 _build/nrf51422_xxac_main.c.o
 .text.sd_ble_gap_device_name_set
                0x000000000001f6e8        0x4 _build/nrf51422_xxac_main.c.o
 .text.sd_ble_gatts_rw_authorize_reply
                0x000000000001f6ec        0x4 _build/nrf51422_xxac_main.c.o
 .text.sd_ble_user_mem_reply
                0x000000000001f6f0        0x4 _build/nrf51422_xxac_main.c.o
 .text.flash_callback
                0x000000000001f6f4       0x20 _build/nrf51422_xxac_main.c.o
                0x000000000001f6f4                flash_callback
 .text.LEDOff   0x000000000001f714       0x18 _build/nrf51422_xxac_main.c.o
                0x000000000001f714                LEDOff
 .text.global_timeout_handler
                0x000000000001f72c       0x58 _build/nrf51422_xxac_main.c.o
 .text.fs_evt_handler
                0x000000000001f784       0x44 _build/nrf51422_xxac_main.c.o
 .text.conn_params_error_handler
                0x000000000001f7c8        0x8 _build/nrf51422_xxac_main.c.o
 .text.pause_timeout_handler
                0x000000000001f7d0       0x2c _build/nrf51422_xxac_main.c.o
 .text.sys_evt_dispatch
                0x000000000001f7fc       0x10 _build/nrf51422_xxac_main.c.o
 .text.pm_evt_handler
                0x000000000001f80c       0x8c _build/nrf51422_xxac_main.c.o
 .text.on_conn_params_evt
                0x000000000001f898       0x24 _build/nrf51422_xxac_main.c.o
 .text.in_pin_handler
                0x000000000001f8bc       0x58 _build/nrf51422_xxac_main.c.o
                0x000000000001f8bc                in_pin_handler
 .text.on_adv_evt
                0x000000000001f914       0x24 _build/nrf51422_xxac_main.c.o
 .text.led_write_handler
                0x000000000001f938       0x68 _build/nrf51422_xxac_main.c.o
 .text.led_timeout_handler
                0x000000000001f9a0       0x9c _build/nrf51422_xxac_main.c.o
 .text.pulse_timeout_handler
                0x000000000001fa3c       0x54 _build/nrf51422_xxac_main.c.o
 .text.ble_evt_dispatch
                0x000000000001fa90      0x1c0 _build/nrf51422_xxac_main.c.o
 .text.nrf_dfu_flash_store
                0x000000000001fc50       0x64 _build/nrf51422_xxac_main.c.o
                0x000000000001fc50                nrf_dfu_flash_store
 .text.nrf_dfu_flash_erase
                0x000000000001fcb4       0x88 _build/nrf51422_xxac_main.c.o
                0x000000000001fcb4                nrf_dfu_flash_erase
 .text.pulseLEDs
                0x000000000001fd3c       0x28 _build/nrf51422_xxac_main.c.o
                0x000000000001fd3c                pulseLEDs
 .text.pulse_pin_out
                0x000000000001fd64       0x20 _build/nrf51422_xxac_main.c.o
                0x000000000001fd64                pulse_pin_out
 .text.startup.main
                0x000000000001fd84      0x320 _build/nrf51422_xxac_main.c.o
                0x000000000001fd84                main
 .text.sd_ble_gap_address_get
                0x00000000000200a4        0x4 _build/nrf51422_xxac_ble_advdata.c.o
 .text.sd_ble_gap_adv_data_set
                0x00000000000200a8        0x4 _build/nrf51422_xxac_ble_advdata.c.o
 .text.sd_ble_gap_appearance_get
                0x00000000000200ac        0x4 _build/nrf51422_xxac_ble_advdata.c.o
 .text.sd_ble_gap_device_name_get
                0x00000000000200b0        0x4 _build/nrf51422_xxac_ble_advdata.c.o
 .text.sd_ble_uuid_encode
                0x00000000000200b4        0x4 _build/nrf51422_xxac_ble_advdata.c.o
 .text.uuid_list_sized_encode
                0x00000000000200b8       0xf8 _build/nrf51422_xxac_ble_advdata.c.o
 .text.adv_data_encode
                0x00000000000201b0      0x428 _build/nrf51422_xxac_ble_advdata.c.o
                0x00000000000201b0                adv_data_encode
 .text.ble_advdata_set
                0x00000000000205d8      0x488 _build/nrf51422_xxac_ble_advdata.c.o
                0x00000000000205d8                ble_advdata_set
 .text.sd_ble_gap_adv_start
                0x0000000000020a60        0x4 _build/nrf51422_xxac_ble_advertising.c.o
 .text.ble_advertising_start.part.1
                0x0000000000020a64      0x254 _build/nrf51422_xxac_ble_advertising.c.o
 .text.ble_advertising_init
                0x0000000000020cb8      0x1ac _build/nrf51422_xxac_ble_advertising.c.o
                0x0000000000020cb8                ble_advertising_init
 .text.ble_advertising_start
                0x0000000000020e64       0x44 _build/nrf51422_xxac_ble_advertising.c.o
                0x0000000000020e64                ble_advertising_start
 .text.ble_advertising_on_ble_evt
                0x0000000000020ea8       0xc0 _build/nrf51422_xxac_ble_advertising.c.o
                0x0000000000020ea8                ble_advertising_on_ble_evt
 .text.ble_advertising_on_sys_evt
                0x0000000000020f68       0x64 _build/nrf51422_xxac_ble_advertising.c.o
                0x0000000000020f68                ble_advertising_on_sys_evt
 .text.sd_ble_gap_conn_param_update
                0x0000000000020fcc        0x4 _build/nrf51422_xxac_ble_conn_params.c.o
 .text.sd_ble_gap_disconnect
                0x0000000000020fd0        0x4 _build/nrf51422_xxac_ble_conn_params.c.o
 .text.sd_ble_gap_ppcp_set
                0x0000000000020fd4        0x4 _build/nrf51422_xxac_ble_conn_params.c.o
 .text.sd_ble_gap_ppcp_get
                0x0000000000020fd8        0x4 _build/nrf51422_xxac_ble_conn_params.c.o
 .text.update_timeout_handler
                0x0000000000020fdc       0x78 _build/nrf51422_xxac_ble_conn_params.c.o
 .text.conn_params_negotiation
                0x0000000000021054       0x88 _build/nrf51422_xxac_ble_conn_params.c.o
 .text.ble_conn_params_init
                0x00000000000210dc       0x78 _build/nrf51422_xxac_ble_conn_params.c.o
                0x00000000000210dc                ble_conn_params_init
 .text.ble_conn_params_on_ble_evt
                0x0000000000021154       0xa8 _build/nrf51422_xxac_ble_conn_params.c.o
                0x0000000000021154                ble_conn_params_on_ble_evt
 .text.ble_conn_state_on_ble_evt
                0x00000000000211fc      0x114 _build/nrf51422_xxac_ble_conn_state.c.o
                0x00000000000211fc                ble_conn_state_on_ble_evt
 .text.ble_conn_state_role
                0x0000000000021310       0x30 _build/nrf51422_xxac_ble_conn_state.c.o
                0x0000000000021310                ble_conn_state_role
 .text.ble_conn_state_encrypted
                0x0000000000021340       0x14 _build/nrf51422_xxac_ble_conn_state.c.o
                0x0000000000021340                ble_conn_state_encrypted
 .text.ble_conn_state_mitm_protected
                0x0000000000021354       0x14 _build/nrf51422_xxac_ble_conn_state.c.o
                0x0000000000021354                ble_conn_state_mitm_protected
 .text.ble_conn_state_conn_handles
                0x0000000000021368       0x18 _build/nrf51422_xxac_ble_conn_state.c.o
                0x0000000000021368                ble_conn_state_conn_handles
 .text.ble_conn_state_user_flag_acquire
                0x0000000000021380       0x2c _build/nrf51422_xxac_ble_conn_state.c.o
                0x0000000000021380                ble_conn_state_user_flag_acquire
 .text.ble_conn_state_user_flag_get
                0x00000000000213ac       0x24 _build/nrf51422_xxac_ble_conn_state.c.o
                0x00000000000213ac                ble_conn_state_user_flag_get
 .text.ble_conn_state_user_flag_set
                0x00000000000213d0       0x24 _build/nrf51422_xxac_ble_conn_state.c.o
                0x00000000000213d0                ble_conn_state_user_flag_set
 .text.ble_conn_state_user_flag_collection
                0x00000000000213f4       0x1c _build/nrf51422_xxac_ble_conn_state.c.o
                0x00000000000213f4                ble_conn_state_user_flag_collection
 .text.ble_srv_is_notification_enabled
                0x0000000000021410        0x8 _build/nrf51422_xxac_ble_srv_common.c.o
                0x0000000000021410                ble_srv_is_notification_enabled
 .text.local_db_update_in_evt
                0x0000000000021418       0x84 _build/nrf51422_xxac_gatt_cache_manager.c.o
 .text.local_db_apply_in_evt.part.1
                0x000000000002149c       0x78 _build/nrf51422_xxac_gatt_cache_manager.c.o
 .text.service_changed_pending_flags_check.part.2
                0x0000000000021514      0x118 _build/nrf51422_xxac_gatt_cache_manager.c.o
 .text.gcm_gscm_evt_handler
                0x000000000002162c       0x7c _build/nrf51422_xxac_gatt_cache_manager.c.o
                0x000000000002162c                gcm_gscm_evt_handler
 .text.gcm_im_evt_handler
                0x00000000000216a8       0xa8 _build/nrf51422_xxac_gatt_cache_manager.c.o
                0x00000000000216a8                gcm_im_evt_handler
 .text.gcm_smd_evt_handler
                0x0000000000021750       0xa0 _build/nrf51422_xxac_gatt_cache_manager.c.o
                0x0000000000021750                gcm_smd_evt_handler
 .text.gcm_init
                0x00000000000217f0       0x50 _build/nrf51422_xxac_gatt_cache_manager.c.o
                0x00000000000217f0                gcm_init
 .text.gcm_ble_evt_handler
                0x0000000000021840      0x13c _build/nrf51422_xxac_gatt_cache_manager.c.o
                0x0000000000021840                gcm_ble_evt_handler
 .text.gcm_local_database_has_changed
                0x000000000002197c       0x78 _build/nrf51422_xxac_gatt_cache_manager.c.o
                0x000000000002197c                gcm_local_database_has_changed
 .text.sd_ble_gatts_service_changed
                0x00000000000219f4        0x4 _build/nrf51422_xxac_gatts_cache_manager.c.o
 .text.sd_ble_gatts_sys_attr_set
                0x00000000000219f8        0x4 _build/nrf51422_xxac_gatts_cache_manager.c.o
 .text.sd_ble_gatts_sys_attr_get
                0x00000000000219fc        0x4 _build/nrf51422_xxac_gatts_cache_manager.c.o
 .text.gscm_pdb_evt_handler
                0x0000000000021a00       0x74 _build/nrf51422_xxac_gatts_cache_manager.c.o
                0x0000000000021a00                gscm_pdb_evt_handler
 .text.gscm_init
                0x0000000000021a74       0x10 _build/nrf51422_xxac_gatts_cache_manager.c.o
                0x0000000000021a74                gscm_init
 .text.gscm_local_db_cache_update
                0x0000000000021a84       0xa8 _build/nrf51422_xxac_gatts_cache_manager.c.o
                0x0000000000021a84                gscm_local_db_cache_update
 .text.gscm_local_db_cache_apply
                0x0000000000021b2c       0x94 _build/nrf51422_xxac_gatts_cache_manager.c.o
                0x0000000000021b2c                gscm_local_db_cache_apply
 .text.gscm_local_database_has_changed
                0x0000000000021bc0       0x48 _build/nrf51422_xxac_gatts_cache_manager.c.o
                0x0000000000021bc0                gscm_local_database_has_changed
 .text.gscm_service_changed_ind_needed
                0x0000000000021c08       0x20 _build/nrf51422_xxac_gatts_cache_manager.c.o
                0x0000000000021c08                gscm_service_changed_ind_needed
 .text.gscm_service_changed_ind_send
                0x0000000000021c28       0x30 _build/nrf51422_xxac_gatts_cache_manager.c.o
                0x0000000000021c28                gscm_service_changed_ind_send
 .text.gscm_db_change_notification_done
                0x0000000000021c58       0x20 _build/nrf51422_xxac_gatts_cache_manager.c.o
                0x0000000000021c58                gscm_db_change_notification_done
 .text.sd_ble_gap_address_get
                0x0000000000021c78        0x4 _build/nrf51422_xxac_id_manager.c.o
 .text.sd_ecb_block_encrypt
                0x0000000000021c7c        0x4 _build/nrf51422_xxac_id_manager.c.o
 .text.im_ble_evt_handler
                0x0000000000021c80      0x2cc _build/nrf51422_xxac_id_manager.c.o
                0x0000000000021c80                im_ble_evt_handler
 .text.im_pdb_evt_handler
                0x0000000000021f4c      0x17c _build/nrf51422_xxac_id_manager.c.o
                0x0000000000021f4c                im_pdb_evt_handler
 .text.im_init  0x00000000000220c8       0x48 _build/nrf51422_xxac_id_manager.c.o
                0x00000000000220c8                im_init
 .text.im_peer_id_get_by_conn_handle
                0x0000000000022110       0x80 _build/nrf51422_xxac_id_manager.c.o
                0x0000000000022110                im_peer_id_get_by_conn_handle
 .text.im_ble_addr_get
                0x0000000000022190       0x8c _build/nrf51422_xxac_id_manager.c.o
                0x0000000000022190                im_ble_addr_get
 .text.im_master_ids_compare
                0x000000000002221c       0x58 _build/nrf51422_xxac_id_manager.c.o
                0x000000000002221c                im_master_ids_compare
 .text.im_peer_id_get_by_master_id
                0x0000000000022274       0xdc _build/nrf51422_xxac_id_manager.c.o
                0x0000000000022274                im_peer_id_get_by_master_id
 .text.im_conn_handle_get
                0x0000000000022350       0x6c _build/nrf51422_xxac_id_manager.c.o
                0x0000000000022350                im_conn_handle_get
 .text.im_master_id_is_valid
                0x00000000000223bc       0x40 _build/nrf51422_xxac_id_manager.c.o
                0x00000000000223bc                im_master_id_is_valid
 .text.im_new_peer_id
                0x00000000000223fc       0x7c _build/nrf51422_xxac_id_manager.c.o
                0x00000000000223fc                im_new_peer_id
 .text.im_peer_free
                0x0000000000022478       0xf4 _build/nrf51422_xxac_id_manager.c.o
                0x0000000000022478                im_peer_free
 .text.peer_data_delete
                0x000000000002256c       0xa0 _build/nrf51422_xxac_peer_data_storage.c.o
 .text.fds_evt_handler
                0x000000000002260c      0x134 _build/nrf51422_xxac_peer_data_storage.c.o
 .text.pds_init
                0x0000000000022740       0x70 _build/nrf51422_xxac_peer_data_storage.c.o
                0x0000000000022740                pds_init
 .text.pds_peer_data_read
                0x00000000000227b0       0x90 _build/nrf51422_xxac_peer_data_storage.c.o
                0x00000000000227b0                pds_peer_data_read
 .text.pds_peer_data_iterate_prepare
                0x0000000000022840       0x14 _build/nrf51422_xxac_peer_data_storage.c.o
                0x0000000000022840                pds_peer_data_iterate_prepare
 .text.pds_peer_data_iterate
                0x0000000000022854       0x58 _build/nrf51422_xxac_peer_data_storage.c.o
                0x0000000000022854                pds_peer_data_iterate
 .text.pds_space_reserve
                0x00000000000228ac       0x38 _build/nrf51422_xxac_peer_data_storage.c.o
                0x00000000000228ac                pds_space_reserve
 .text.pds_space_reserve_cancel
                0x00000000000228e4       0x1c _build/nrf51422_xxac_peer_data_storage.c.o
                0x00000000000228e4                pds_space_reserve_cancel
 .text.pds_peer_data_store
                0x0000000000022900       0xbc _build/nrf51422_xxac_peer_data_storage.c.o
                0x0000000000022900                pds_peer_data_store
 .text.pds_peer_id_allocate
                0x00000000000229bc       0x10 _build/nrf51422_xxac_peer_data_storage.c.o
                0x00000000000229bc                pds_peer_id_allocate
 .text.pds_peer_id_free
                0x00000000000229cc       0x18 _build/nrf51422_xxac_peer_data_storage.c.o
                0x00000000000229cc                pds_peer_id_free
 .text.pds_peer_id_is_allocated
                0x00000000000229e4        0x8 _build/nrf51422_xxac_peer_data_storage.c.o
                0x00000000000229e4                pds_peer_id_is_allocated
 .text.pds_next_peer_id_get
                0x00000000000229ec        0x8 _build/nrf51422_xxac_peer_data_storage.c.o
                0x00000000000229ec                pds_next_peer_id_get
 .text.pds_next_deleted_peer_id_get
                0x00000000000229f4        0x8 _build/nrf51422_xxac_peer_data_storage.c.o
                0x00000000000229f4                pds_next_deleted_peer_id_get
 .text.pdb_write_buf_store.part.2
                0x00000000000229fc      0x34c _build/nrf51422_xxac_peer_database.c.o
 .text.pdb_pds_evt_handler
                0x0000000000022d48      0x4dc _build/nrf51422_xxac_peer_database.c.o
                0x0000000000022d48                pdb_pds_evt_handler
 .text.pdb_init
                0x0000000000023224      0x14c _build/nrf51422_xxac_peer_database.c.o
                0x0000000000023224                pdb_init
 .text.pdb_peer_allocate
                0x0000000000023370        0x8 _build/nrf51422_xxac_peer_database.c.o
                0x0000000000023370                pdb_peer_allocate
 .text.pdb_peer_free
                0x0000000000023378      0x3e8 _build/nrf51422_xxac_peer_database.c.o
                0x0000000000023378                pdb_peer_free
 .text.pdb_peer_data_ptr_get
                0x0000000000023760        0xc _build/nrf51422_xxac_peer_database.c.o
                0x0000000000023760                pdb_peer_data_ptr_get
 .text.pdb_write_buf_get
                0x000000000002376c      0x630 _build/nrf51422_xxac_peer_database.c.o
                0x000000000002376c                pdb_write_buf_get
 .text.pdb_write_buf_release
                0x0000000000023d9c      0x2ac _build/nrf51422_xxac_peer_database.c.o
                0x0000000000023d9c                pdb_write_buf_release
 .text.pdb_write_buf_store_prepare
                0x0000000000024048      0x2e0 _build/nrf51422_xxac_peer_database.c.o
                0x0000000000024048                pdb_write_buf_store_prepare
 .text.pdb_write_buf_store
                0x0000000000024328       0x18 _build/nrf51422_xxac_peer_database.c.o
                0x0000000000024328                pdb_write_buf_store
 .text.pdb_next_peer_id_get
                0x0000000000024340        0x8 _build/nrf51422_xxac_peer_database.c.o
                0x0000000000024340                pdb_next_peer_id_get
 .text.pdb_next_deleted_peer_id_get
                0x0000000000024348        0x8 _build/nrf51422_xxac_peer_database.c.o
                0x0000000000024348                pdb_next_deleted_peer_id_get
 .text.pdb_raw_store
                0x0000000000024350        0xc _build/nrf51422_xxac_peer_database.c.o
                0x0000000000024350                pdb_raw_store
 .text.peer_id_init
                0x000000000002435c       0x2c _build/nrf51422_xxac_peer_id.c.o
                0x000000000002435c                peer_id_init
 .text.peer_id_allocate
                0x0000000000024388       0x40 _build/nrf51422_xxac_peer_id.c.o
                0x0000000000024388                peer_id_allocate
 .text.peer_id_delete
                0x00000000000243c8       0x2c _build/nrf51422_xxac_peer_id.c.o
                0x00000000000243c8                peer_id_delete
 .text.peer_id_free
                0x00000000000243f4       0x24 _build/nrf51422_xxac_peer_id.c.o
                0x00000000000243f4                peer_id_free
 .text.peer_id_is_allocated
                0x0000000000024418       0x18 _build/nrf51422_xxac_peer_id.c.o
                0x0000000000024418                peer_id_is_allocated
 .text.peer_id_get_next_used
                0x0000000000024430       0x68 _build/nrf51422_xxac_peer_id.c.o
                0x0000000000024430                peer_id_get_next_used
 .text.peer_id_get_next_deleted
                0x0000000000024498       0x44 _build/nrf51422_xxac_peer_id.c.o
                0x0000000000024498                peer_id_get_next_deleted
 .text.pm_pdb_evt_handler
                0x00000000000244dc      0x1f8 _build/nrf51422_xxac_peer_manager.c.o
                0x00000000000244dc                pm_pdb_evt_handler
 .text.pm_sm_evt_handler
                0x00000000000246d4      0x170 _build/nrf51422_xxac_peer_manager.c.o
                0x00000000000246d4                pm_sm_evt_handler
 .text.pm_gcm_evt_handler
                0x0000000000024844       0x9c _build/nrf51422_xxac_peer_manager.c.o
                0x0000000000024844                pm_gcm_evt_handler
 .text.pm_im_evt_handler
                0x00000000000248e0       0x78 _build/nrf51422_xxac_peer_manager.c.o
                0x00000000000248e0                pm_im_evt_handler
 .text.pm_on_ble_evt
                0x0000000000024958       0x24 _build/nrf51422_xxac_peer_manager.c.o
                0x0000000000024958                pm_on_ble_evt
 .text.pm_init  0x000000000002497c       0x90 _build/nrf51422_xxac_peer_manager.c.o
                0x000000000002497c                pm_init
 .text.pm_register
                0x0000000000024a0c       0x34 _build/nrf51422_xxac_peer_manager.c.o
                0x0000000000024a0c                pm_register
 .text.pm_sec_params_set
                0x0000000000024a40       0x1c _build/nrf51422_xxac_peer_manager.c.o
                0x0000000000024a40                pm_sec_params_set
 .text.pm_conn_sec_config_reply
                0x0000000000024a5c        0x8 _build/nrf51422_xxac_peer_manager.c.o
                0x0000000000024a5c                pm_conn_sec_config_reply
 .text.pm_local_database_has_changed
                0x0000000000024a64       0x14 _build/nrf51422_xxac_peer_manager.c.o
                0x0000000000024a64                pm_local_database_has_changed
 .text.pm_buffer_init
                0x0000000000024a78       0x50 _build/nrf51422_xxac_pm_buffer.c.o
                0x0000000000024a78                pm_buffer_init
 .text.pm_buffer_block_acquire
                0x0000000000024ac8       0x9c _build/nrf51422_xxac_pm_buffer.c.o
                0x0000000000024ac8                pm_buffer_block_acquire
 .text.pm_buffer_ptr_get
                0x0000000000024b64       0x34 _build/nrf51422_xxac_pm_buffer.c.o
                0x0000000000024b64                pm_buffer_ptr_get
 .text.pm_buffer_release
                0x0000000000024b98       0x30 _build/nrf51422_xxac_pm_buffer.c.o
                0x0000000000024b98                pm_buffer_release
 .text.pm_mutex_init
                0x0000000000024bc8       0x14 _build/nrf51422_xxac_pm_mutex.c.o
                0x0000000000024bc8                pm_mutex_init
 .text.pm_mutex_lock
                0x0000000000024bdc       0x4c _build/nrf51422_xxac_pm_mutex.c.o
                0x0000000000024bdc                pm_mutex_lock
 .text.pm_mutex_unlock
                0x0000000000024c28       0x3c _build/nrf51422_xxac_pm_mutex.c.o
                0x0000000000024c28                pm_mutex_unlock
 .text.pm_mutex_lock_first_available
                0x0000000000024c64       0x84 _build/nrf51422_xxac_pm_mutex.c.o
                0x0000000000024c64                pm_mutex_lock_first_available
 .text.pm_mutex_lock_status_get
                0x0000000000024ce8       0x20 _build/nrf51422_xxac_pm_mutex.c.o
                0x0000000000024ce8                pm_mutex_lock_status_get
 .text.sd_ble_gap_authenticate
                0x0000000000024d08        0x4 _build/nrf51422_xxac_security_dispatcher.c.o
 .text.sd_ble_gap_sec_params_reply
                0x0000000000024d0c        0x4 _build/nrf51422_xxac_security_dispatcher.c.o
 .text.sd_ble_gap_encrypt
                0x0000000000024d10        0x4 _build/nrf51422_xxac_security_dispatcher.c.o
 .text.sd_ble_gap_sec_info_reply
                0x0000000000024d14        0x4 _build/nrf51422_xxac_security_dispatcher.c.o
 .text.pairing_failure
                0x0000000000024d18       0x80 _build/nrf51422_xxac_security_dispatcher.c.o
 .text.smd_pdb_evt_handler
                0x0000000000024d98       0x40 _build/nrf51422_xxac_security_dispatcher.c.o
                0x0000000000024d98                smd_pdb_evt_handler
 .text.smd_init
                0x0000000000024dd8       0x68 _build/nrf51422_xxac_security_dispatcher.c.o
                0x0000000000024dd8                smd_init
 .text.smd_params_reply
                0x0000000000024e40      0x1e8 _build/nrf51422_xxac_security_dispatcher.c.o
                0x0000000000024e40                smd_params_reply
 .text.smd_link_secure
                0x0000000000025028      0x24c _build/nrf51422_xxac_security_dispatcher.c.o
                0x0000000000025028                smd_link_secure
 .text.smd_ble_evt_handler
                0x0000000000025274      0x3a0 _build/nrf51422_xxac_security_dispatcher.c.o
                0x0000000000025274                smd_ble_evt_handler
 .text.link_secure.part.1
                0x0000000000025614      0x168 _build/nrf51422_xxac_security_manager.c.o
 .text.smd_params_reply_perform
                0x000000000002577c      0x180 _build/nrf51422_xxac_security_manager.c.o
 .text.sm_smd_evt_handler
                0x00000000000258fc       0x74 _build/nrf51422_xxac_security_manager.c.o
                0x00000000000258fc                sm_smd_evt_handler
 .text.sm_pdb_evt_handler
                0x0000000000025970      0x1a8 _build/nrf51422_xxac_security_manager.c.o
                0x0000000000025970                sm_pdb_evt_handler
 .text.sm_init  0x0000000000025b18       0xb8 _build/nrf51422_xxac_security_manager.c.o
                0x0000000000025b18                sm_init
 .text.sm_ble_evt_handler
                0x0000000000025bd0       0xa0 _build/nrf51422_xxac_security_manager.c.o
                0x0000000000025bd0                sm_ble_evt_handler
 .text.sm_sec_params_set
                0x0000000000025c70       0x80 _build/nrf51422_xxac_security_manager.c.o
                0x0000000000025c70                sm_sec_params_set
 .text.sm_conn_sec_config_reply
                0x0000000000025cf0       0x18 _build/nrf51422_xxac_security_manager.c.o
                0x0000000000025cf0                sm_conn_sec_config_reply
 .text          0x0000000000025d08       0x4c _build/nrf51422_xxac_gcc_startup_nrf51.S.o
                0x0000000000025d08                Reset_Handler
                0x0000000000025d48                NMI_Handler
                0x0000000000025d4a                HardFault_Handler
                0x0000000000025d4c                SVC_Handler
                0x0000000000025d4e                PendSV_Handler
                0x0000000000025d50                SysTick_Handler
                0x0000000000025d52                TEMP_IRQHandler
                0x0000000000025d52                QDEC_IRQHandler
                0x0000000000025d52                SWI5_IRQHandler
                0x0000000000025d52                TIMER0_IRQHandler
                0x0000000000025d52                TIMER1_IRQHandler
                0x0000000000025d52                ECB_IRQHandler
                0x0000000000025d52                Default_Handler
                0x0000000000025d52                ADC_IRQHandler
                0x0000000000025d52                SWI3_IRQHandler
                0x0000000000025d52                CCM_AAR_IRQHandler
                0x0000000000025d52                WDT_IRQHandler
                0x0000000000025d52                RNG_IRQHandler
                0x0000000000025d52                SPI1_TWI1_IRQHandler
                0x0000000000025d52                TIMER2_IRQHandler
                0x0000000000025d52                SWI1_IRQHandler
                0x0000000000025d52                SPI0_TWI0_IRQHandler
                0x0000000000025d52                RTC0_IRQHandler
                0x0000000000025d52                RADIO_IRQHandler
                0x0000000000025d52                LPCOMP_IRQHandler
                0x0000000000025d52                SWI4_IRQHandler
 .text.SystemInit
                0x0000000000025d54       0xe4 _build/nrf51422_xxac_system_nrf51.c.o
                0x0000000000025d54                SystemInit
 .text.sd_ble_gatts_service_add
                0x0000000000025e38        0x4 _build/nrf51422_xxac_ble_lbs.c.o
 .text.sd_ble_gatts_characteristic_add
                0x0000000000025e3c        0x4 _build/nrf51422_xxac_ble_lbs.c.o
 .text.sd_ble_gatts_hvx
                0x0000000000025e40        0x4 _build/nrf51422_xxac_ble_lbs.c.o
 .text.sd_ble_uuid_vs_add
                0x0000000000025e44        0x4 _build/nrf51422_xxac_ble_lbs.c.o
 .text.ble_lbs_on_ble_evt
                0x0000000000025e48       0x34 _build/nrf51422_xxac_ble_lbs.c.o
                0x0000000000025e48                ble_lbs_on_ble_evt
 .text.ble_lbs_init
                0x0000000000025e7c      0x20c _build/nrf51422_xxac_ble_lbs.c.o
                0x0000000000025e7c                ble_lbs_init
 .text.create_and_send_packet
                0x0000000000026088       0x44 _build/nrf51422_xxac_ble_lbs.c.o
                0x0000000000026088                create_and_send_packet
 .text.sd_evt_get
                0x00000000000260cc        0x4 _build/nrf51422_xxac_softdevice_handler.c.o
 .text.sd_softdevice_enable
                0x00000000000260d0        0x4 _build/nrf51422_xxac_softdevice_handler.c.o
 .text.sd_ble_enable
                0x00000000000260d4        0x4 _build/nrf51422_xxac_softdevice_handler.c.o
 .text.sd_ble_evt_get
                0x00000000000260d8        0x4 _build/nrf51422_xxac_softdevice_handler.c.o
 .text.softdevice_fault_handler
                0x00000000000260dc        0x8 _build/nrf51422_xxac_softdevice_handler.c.o
                0x00000000000260dc                softdevice_fault_handler
 .text.intern_softdevice_events_execute.part.1
                0x00000000000260e4       0xcc _build/nrf51422_xxac_softdevice_handler.c.o
 .text.softdevice_handler_is_enabled
                0x00000000000261b0        0xc _build/nrf51422_xxac_softdevice_handler.c.o
                0x00000000000261b0                softdevice_handler_is_enabled
 .text.softdevice_handler_init
                0x00000000000261bc       0xa0 _build/nrf51422_xxac_softdevice_handler.c.o
                0x00000000000261bc                softdevice_handler_init
 .text.softdevice_ble_evt_handler_set
                0x000000000002625c       0x14 _build/nrf51422_xxac_softdevice_handler.c.o
                0x000000000002625c                softdevice_ble_evt_handler_set
 .text.softdevice_sys_evt_handler_set
                0x0000000000026270       0x14 _build/nrf51422_xxac_softdevice_handler.c.o
                0x0000000000026270                softdevice_sys_evt_handler_set
 .text.SWI2_IRQHandler
                0x0000000000026284       0x30 _build/nrf51422_xxac_softdevice_handler.c.o
                0x0000000000026284                SWI2_IRQHandler
 .text.softdevice_enable_get_default_config
                0x00000000000262b4       0x30 _build/nrf51422_xxac_softdevice_handler.c.o
                0x00000000000262b4                softdevice_enable_get_default_config
 .text.softdevice_enable
                0x00000000000262e4       0x7c _build/nrf51422_xxac_softdevice_handler.c.o
                0x00000000000262e4                softdevice_enable
 .text.increment_quarter_count_only
                0x0000000000026360       0x10 _build/nrf51422_xxac_application.c.o
                0x0000000000026360                increment_quarter_count_only
 .text.decode_packet
                0x0000000000026370       0xfc _build/nrf51422_xxac_application.c.o
                0x0000000000026370                decode_packet
 .text          0x000000000002646c      0x114 /Users/george/gcc-arm-none-eabi-5_3-2016q1/bin/../lib/gcc/arm-none-eabi/5.3.1/armv6-m/libgcc.a(_udivsi3.o)
                0x000000000002646c                __udivsi3
                0x000000000002646c                __aeabi_uidiv
                0x0000000000026578                __aeabi_uidivmod
 .text          0x0000000000026580      0x1d4 /Users/george/gcc-arm-none-eabi-5_3-2016q1/bin/../lib/gcc/arm-none-eabi/5.3.1/armv6-m/libgcc.a(_divsi3.o)
                0x0000000000026580                __aeabi_idiv
                0x0000000000026580                __divsi3
                0x000000000002674c                __aeabi_idivmod
 .text          0x0000000000026754        0x4 /Users/george/gcc-arm-none-eabi-5_3-2016q1/bin/../lib/gcc/arm-none-eabi/5.3.1/armv6-m/libgcc.a(_dvmd_tls.o)
                0x0000000000026754                __aeabi_ldiv0
                0x0000000000026754                __aeabi_idiv0
 .text.memcmp   0x0000000000026758       0x1e /Users/george/gcc-arm-none-eabi-5_3-2016q1/bin/../lib/gcc/arm-none-eabi/5.3.1/../../../../arm-none-eabi/lib/armv6-m/libc_nano.a(lib_a-memcmp.o)
                0x0000000000026758                memcmp
 .text.memcpy   0x0000000000026776       0x12 /Users/george/gcc-arm-none-eabi-5_3-2016q1/bin/../lib/gcc/arm-none-eabi/5.3.1/../../../../arm-none-eabi/lib/armv6-m/libc_nano.a(lib_a-memcpy-stub.o)
                0x0000000000026776                memcpy
 .text.snprintf
                0x0000000000026788       0x64 /Users/george/gcc-arm-none-eabi-5_3-2016q1/bin/../lib/gcc/arm-none-eabi/5.3.1/../../../../arm-none-eabi/lib/armv6-m/libc_nano.a(lib_a-snprintf.o)
                0x0000000000026788                snprintf
                0x0000000000026788                sniprintf
 .text          0x00000000000267ec        0xe /Users/george/gcc-arm-none-eabi-5_3-2016q1/bin/../lib/gcc/arm-none-eabi/5.3.1/../../../../arm-none-eabi/lib/armv6-m/libc_nano.a(lib_a-strlen.o)
                0x00000000000267ec                strlen
 *fill*         0x00000000000267fa        0x2 
 .text.__ssputs_r
                0x00000000000267fc       0xc4 /Users/george/gcc-arm-none-eabi-5_3-2016q1/bin/../lib/gcc/arm-none-eabi/5.3.1/../../../../arm-none-eabi/lib/armv6-m/libc_nano.a(lib_a-nano-svfprintf.o)
                0x00000000000267fc                __ssputs_r
 .text._svfprintf_r
                0x00000000000268c0      0x1fc /Users/george/gcc-arm-none-eabi-5_3-2016q1/bin/../lib/gcc/arm-none-eabi/5.3.1/../../../../arm-none-eabi/lib/armv6-m/libc_nano.a(lib_a-nano-svfprintf.o)
                0x00000000000268c0                _svfprintf_r
                0x00000000000268c0                _svfiprintf_r
 .text._printf_common
                0x0000000000026abc       0xdc /Users/george/gcc-arm-none-eabi-5_3-2016q1/bin/../lib/gcc/arm-none-eabi/5.3.1/../../../../arm-none-eabi/lib/armv6-m/libc_nano.a(lib_a-nano-vfprintf_i.o)
                0x0000000000026abc                _printf_common
 .text._printf_i
                0x0000000000026b98      0x244 /Users/george/gcc-arm-none-eabi-5_3-2016q1/bin/../lib/gcc/arm-none-eabi/5.3.1/../../../../arm-none-eabi/lib/armv6-m/libc_nano.a(lib_a-nano-vfprintf_i.o)
                0x0000000000026b98                _printf_i
 .text.memchr   0x0000000000026ddc       0x16 /Users/george/gcc-arm-none-eabi-5_3-2016q1/bin/../lib/gcc/arm-none-eabi/5.3.1/../../../../arm-none-eabi/lib/armv6-m/libc_nano.a(lib_a-memchr-stub.o)
                0x0000000000026ddc                memchr
 .text.memmove  0x0000000000026df2       0x2a /Users/george/gcc-arm-none-eabi-5_3-2016q1/bin/../lib/gcc/arm-none-eabi/5.3.1/../../../../arm-none-eabi/lib/armv6-m/libc_nano.a(lib_a-memmove.o)
                0x0000000000026df2                memmove
 .text._free_r  0x0000000000026e1c       0x8c /Users/george/gcc-arm-none-eabi-5_3-2016q1/bin/../lib/gcc/arm-none-eabi/5.3.1/../../../../arm-none-eabi/lib/armv6-m/libc_nano.a(lib_a-nano-freer.o)
                0x0000000000026e1c                _free_r
 .text._malloc_r
                0x0000000000026ea8       0xac /Users/george/gcc-arm-none-eabi-5_3-2016q1/bin/../lib/gcc/arm-none-eabi/5.3.1/../../../../arm-none-eabi/lib/armv6-m/libc_nano.a(lib_a-nano-mallocr.o)
                0x0000000000026ea8                _malloc_r
 .text._realloc_r
                0x0000000000026f54       0x4c /Users/george/gcc-arm-none-eabi-5_3-2016q1/bin/../lib/gcc/arm-none-eabi/5.3.1/../../../../arm-none-eabi/lib/armv6-m/libc_nano.a(lib_a-nano-reallocr.o)
                0x0000000000026f54                _realloc_r
 .text._sbrk_r  0x0000000000026fa0       0x24 /Users/george/gcc-arm-none-eabi-5_3-2016q1/bin/../lib/gcc/arm-none-eabi/5.3.1/../../../../arm-none-eabi/lib/armv6-m/libc_nano.a(lib_a-sbrkr.o)
                0x0000000000026fa0                _sbrk_r
 .text._malloc_usable_size_r
                0x0000000000026fc4       0x16 /Users/george/gcc-arm-none-eabi-5_3-2016q1/bin/../lib/gcc/arm-none-eabi/5.3.1/../../../../arm-none-eabi/lib/armv6-m/libc_nano.a(lib_a-nano-msizer.o)
                0x0000000000026fc4                _malloc_usable_size_r
 *fill*         0x0000000000026fda        0x2 
 .text._sbrk    0x0000000000026fdc       0x1c /Users/george/gcc-arm-none-eabi-5_3-2016q1/bin/../lib/gcc/arm-none-eabi/5.3.1/../../../../arm-none-eabi/lib/armv6-m/libnosys.a(sbrk.o)
                0x0000000000026fdc                _sbrk
 *(.init)
 .init          0x0000000000026ff8        0x4 /Users/george/gcc-arm-none-eabi-5_3-2016q1/bin/../lib/gcc/arm-none-eabi/5.3.1/armv6-m/crti.o
                0x0000000000026ff8                _init
 .init          0x0000000000026ffc        0x8 /Users/george/gcc-arm-none-eabi-5_3-2016q1/bin/../lib/gcc/arm-none-eabi/5.3.1/armv6-m/crtn.o
 *(.fini)
 .fini          0x0000000000027004        0x4 /Users/george/gcc-arm-none-eabi-5_3-2016q1/bin/../lib/gcc/arm-none-eabi/5.3.1/armv6-m/crti.o
                0x0000000000027004                _fini
 .fini          0x0000000000027008        0x8 /Users/george/gcc-arm-none-eabi-5_3-2016q1/bin/../lib/gcc/arm-none-eabi/5.3.1/armv6-m/crtn.o
 *crtbegin.o(.ctors)
 *crtbegin?.o(.ctors)
 *(EXCLUDE_FILE(*crtend.o *crtend?.o) .ctors)
 *(SORT(.ctors.*))
 *(.ctors)
 *crtbegin.o(.dtors)
 *crtbegin?.o(.dtors)
 *(EXCLUDE_FILE(*crtend.o *crtend?.o) .dtors)
 *(SORT(.dtors.*))
 *(.dtors)
 *(.rodata*)
 .rodata.str1.1
                0x0000000000027010        0x2 /Users/george/gcc-arm-none-eabi-5_3-2016q1/bin/../lib/gcc/arm-none-eabi/5.3.1/../../../../arm-none-eabi/lib/armv6-m/libc_nano.a(lib_a-impure.o)
 *fill*         0x0000000000027012        0x2 
 .rodata._global_impure_ptr
                0x0000000000027014        0x4 /Users/george/gcc-arm-none-eabi-5_3-2016q1/bin/../lib/gcc/arm-none-eabi/5.3.1/../../../../arm-none-eabi/lib/armv6-m/libc_nano.a(lib_a-impure.o)
                0x0000000000027014                _global_impure_ptr
 .rodata.str1.4
                0x0000000000027018      0x192 _build/nrf51422_xxac_nrf_dfu_settings.c.o
 *fill*         0x00000000000271aa        0x2 
 .rodata.nrf_log_backend_serial_std_handler
                0x00000000000271ac       0x38 _build/nrf51422_xxac_nrf_log_backend_serial.c.o
 .rodata        0x00000000000271e4       0x20 _build/nrf51422_xxac_nrf_log_backend_serial.c.o
 .rodata.str1.4
                0x0000000000027204        0x7 _build/nrf51422_xxac_nrf_log_backend_serial.c.o
 *fill*         0x000000000002720b        0x1 
 .rodata.str1.4
                0x000000000002720c        0xb _build/nrf51422_xxac_nrf_log_frontend.c.o
 *fill*         0x0000000000027217        0x1 
 .rodata.str1.4
                0x0000000000027218       0x18 _build/nrf51422_xxac_app_error_weak.c.o
 .rodata.queue_process
                0x0000000000027230       0x94 _build/nrf51422_xxac_fds.c.o
 .rodata.fds_init
                0x00000000000272c4       0x30 _build/nrf51422_xxac_fds.c.o
 .rodata.m_fds_tl_dirty
                0x00000000000272f4        0x4 _build/nrf51422_xxac_fds.c.o
 .rodata.page_tag_swap.6300
                0x00000000000272f8        0x8 _build/nrf51422_xxac_fds.c.o
 .rodata.page_tag_data.6304
                0x0000000000027300        0x8 _build/nrf51422_xxac_fds.c.o
 .rodata.m_board_led_list
                0x0000000000027308        0x4 _build/nrf51422_xxac_boards.c.o
 .rodata.bsp_indication_set
                0x000000000002730c       0x60 _build/nrf51422_xxac_bsp.c.o
 .rodata.pm_evt_handler
                0x000000000002736c       0x3c _build/nrf51422_xxac_main.c.o
 .rodata        0x00000000000273a8        0x8 _build/nrf51422_xxac_main.c.o
 .rodata.m_pulse_timer_id
                0x00000000000273b0        0x4 _build/nrf51422_xxac_main.c.o
 .rodata.m_pause_timer_id
                0x00000000000273b4        0x4 _build/nrf51422_xxac_main.c.o
 .rodata.str1.4
                0x00000000000273b8      0x28b _build/nrf51422_xxac_main.c.o
 *fill*         0x0000000000027643        0x1 
 .rodata.m_led_timer_id
                0x0000000000027644        0x4 _build/nrf51422_xxac_main.c.o
 .rodata.m_global_timer_id
                0x0000000000027648        0x4 _build/nrf51422_xxac_main.c.o
 .rodata.ble_advertising_start.part.1
                0x000000000002764c       0x14 _build/nrf51422_xxac_ble_advertising.c.o
 .rodata.m_conn_params_timer_id
                0x0000000000027660        0x4 _build/nrf51422_xxac_ble_conn_params.c.o
 .rodata        0x0000000000027664       0x10 _build/nrf51422_xxac_gatts_cache_manager.c.o
 .rodata.service_changed_pending.7176
                0x0000000000027674        0x4 _build/nrf51422_xxac_gatts_cache_manager.c.o
 .rodata.service_changed_pending.7239
                0x0000000000027678        0x4 _build/nrf51422_xxac_gatts_cache_manager.c.o
 .rodata.fds_evt_handler
                0x000000000002767c       0x18 _build/nrf51422_xxac_peer_data_storage.c.o
 .rodata.pdb_pds_evt_handler
                0x0000000000027694       0x78 _build/nrf51422_xxac_peer_database.c.o
 .rodata.m_evt_handlers
                0x000000000002770c       0x14 _build/nrf51422_xxac_peer_database.c.o
 .rodata.pm_pdb_evt_handler
                0x0000000000027720       0x28 _build/nrf51422_xxac_peer_manager.c.o
 .rodata.pm_sm_evt_handler
                0x0000000000027748       0x34 _build/nrf51422_xxac_peer_manager.c.o
 .rodata.pm_gcm_evt_handler
                0x000000000002777c       0x28 _build/nrf51422_xxac_peer_manager.c.o
 .rodata.smd_ble_evt_handler
                0x00000000000277a4       0x38 _build/nrf51422_xxac_security_dispatcher.c.o
 .rodata        0x00000000000277dc       0x10 _build/nrf51422_xxac_ble_lbs.c.o
 .rodata.str1.4
                0x00000000000277ec      0x142 _build/nrf51422_xxac_softdevice_handler.c.o
 *fill*         0x000000000002792e        0x2 
 .rodata.str1.4
                0x0000000000027930       0x2c _build/nrf51422_xxac_application.c.o
                                         0x2a (size before relaxing)
 .rodata._ctype_
                0x000000000002795c      0x101 /Users/george/gcc-arm-none-eabi-5_3-2016q1/bin/../lib/gcc/arm-none-eabi/5.3.1/../../../../arm-none-eabi/lib/armv6-m/libc_nano.a(lib_a-ctype_.o)
                0x000000000002795c                _ctype_
 .rodata.str1.1
                0x0000000000027a5d       0x11 /Users/george/gcc-arm-none-eabi-5_3-2016q1/bin/../lib/gcc/arm-none-eabi/5.3.1/../../../../arm-none-eabi/lib/armv6-m/libc_nano.a(lib_a-nano-svfprintf.o)
 .rodata.str1.1
                0x0000000000027a6e       0x22 /Users/george/gcc-arm-none-eabi-5_3-2016q1/bin/../lib/gcc/arm-none-eabi/5.3.1/../../../../arm-none-eabi/lib/armv6-m/libc_nano.a(lib_a-nano-vfprintf_i.o)
 *(.eh_frame*)
 .eh_frame      0x0000000000027a90        0x0 /Users/george/gcc-arm-none-eabi-5_3-2016q1/bin/../lib/gcc/arm-none-eabi/5.3.1/armv6-m/crtbegin.o
 .eh_frame      0x0000000000027a90        0x4 /Users/george/gcc-arm-none-eabi-5_3-2016q1/bin/../lib/gcc/arm-none-eabi/5.3.1/armv6-m/crtend.o

.glue_7         0x0000000000027a94        0x0
 .glue_7        0x0000000000027a94        0x0 linker stubs

.glue_7t        0x0000000000027a94        0x0
 .glue_7t       0x0000000000027a94        0x0 linker stubs

.vfp11_veneer   0x0000000000027a94        0x0
 .vfp11_veneer  0x0000000000027a94        0x0 linker stubs

.v4_bx          0x0000000000027a94        0x0
 .v4_bx         0x0000000000027a94        0x0 linker stubs

.iplt           0x0000000000027a94        0x0
 .iplt          0x0000000000027a94        0x0 /Users/george/gcc-arm-none-eabi-5_3-2016q1/bin/../lib/gcc/arm-none-eabi/5.3.1/armv6-m/crtbegin.o

.ARM.extab
 *(.ARM.extab* .gnu.linkonce.armextab.*)
                0x0000000000027a94                __exidx_start = .

.ARM.exidx      0x0000000000027a94        0x8
 *(.ARM.exidx* .gnu.linkonce.armexidx.*)
 .ARM.exidx     0x0000000000027a94        0x8 /Users/george/gcc-arm-none-eabi-5_3-2016q1/bin/../lib/gcc/arm-none-eabi/5.3.1/../../../../arm-none-eabi/lib/armv6-m/crt0.o
                0x0000000000027a9c                __exidx_end = .
                0x0000000000027a9c                __etext = .

.rel.dyn        0x0000000000027a9c        0x0
 .rel.iplt      0x0000000000027a9c        0x0 /Users/george/gcc-arm-none-eabi-5_3-2016q1/bin/../lib/gcc/arm-none-eabi/5.3.1/armv6-m/crtbegin.o

.data           0x0000000020001ff8       0xa8 load address 0x0000000000027a9c
                0x0000000020001ff8                __data_start__ = .
 *(vtable)
 *(.data*)
 .data.impure_data
                0x0000000020001ff8       0x60 /Users/george/gcc-arm-none-eabi-5_3-2016q1/bin/../lib/gcc/arm-none-eabi/5.3.1/../../../../arm-none-eabi/lib/armv6-m/libc_nano.a(lib_a-impure.o)
 .data._impure_ptr
                0x0000000020002058        0x4 /Users/george/gcc-arm-none-eabi-5_3-2016q1/bin/../lib/gcc/arm-none-eabi/5.3.1/../../../../arm-none-eabi/lib/armv6-m/libc_nano.a(lib_a-impure.o)
                0x0000000020002058                _impure_ptr
 .data.m_uart   0x000000002000205c        0x8 _build/nrf51422_xxac_nrf_log_backend_serial.c.o
 .data.ledPulses
                0x0000000020002064        0x2 _build/nrf51422_xxac_main.c.o
                0x0000000020002064                ledPulses
 .data.m_conn_handle
                0x0000000020002066        0x2 _build/nrf51422_xxac_main.c.o
 .data.m_adv_uuids
                0x0000000020002068        0x4 _build/nrf51422_xxac_main.c.o
 .data.m_whitelist
                0x000000002000206c       0x10 _build/nrf51422_xxac_ble_advertising.c.o
 .data.m_flag_sec_proc_new_peer
                0x000000002000207c        0x1 _build/nrf51422_xxac_security_dispatcher.c.o
 .data.m_flag_sec_proc
                0x000000002000207d        0x1 _build/nrf51422_xxac_security_dispatcher.c.o
 .data.m_flag_sec_proc_pairing
                0x000000002000207e        0x1 _build/nrf51422_xxac_security_dispatcher.c.o
 .data.m_flag_params_reply_pending_flash_full
                0x000000002000207f        0x1 _build/nrf51422_xxac_security_manager.c.o
 .data.m_flag_reject_pairing
                0x0000000020002080        0x1 _build/nrf51422_xxac_security_manager.c.o
 .data.m_flag_params_reply_pending_busy
                0x0000000020002081        0x1 _build/nrf51422_xxac_security_manager.c.o
 .data.m_flag_link_secure_null_params
                0x0000000020002082        0x1 _build/nrf51422_xxac_security_manager.c.o
 .data.m_flag_link_secure_pending_flash_full
                0x0000000020002083        0x1 _build/nrf51422_xxac_security_manager.c.o
 .data.m_flag_link_secure_force_repairing
                0x0000000020002084        0x1 _build/nrf51422_xxac_security_manager.c.o
 .data.m_flag_link_secure_pending_busy
                0x0000000020002085        0x1 _build/nrf51422_xxac_security_manager.c.o
 *fill*         0x0000000020002086        0x2 
 .data.SystemCoreClock
                0x0000000020002088        0x4 _build/nrf51422_xxac_system_nrf51.c.o
                0x0000000020002088                SystemCoreClock
 .data.pulseDurationms
                0x000000002000208c        0x1 _build/nrf51422_xxac_application.c.o
 *fill*         0x000000002000208d        0x3 
 .data.__ctype_ptr__
                0x0000000020002090        0x4 /Users/george/gcc-arm-none-eabi-5_3-2016q1/bin/../lib/gcc/arm-none-eabi/5.3.1/../../../../arm-none-eabi/lib/armv6-m/libc_nano.a(lib_a-ctype_.o)
                0x0000000020002090                __ctype_ptr__
                0x0000000020002094                . = ALIGN (0x4)
                0x0000000020002094                PROVIDE (__preinit_array_start, .)
 *(.preinit_array)
                0x0000000020002094                PROVIDE (__preinit_array_end, .)
                0x0000000020002094                . = ALIGN (0x4)
                0x0000000020002094                PROVIDE (__init_array_start, .)
 *(SORT(.init_array.*))
 *(.init_array)
 .init_array    0x0000000020002094        0x4 /Users/george/gcc-arm-none-eabi-5_3-2016q1/bin/../lib/gcc/arm-none-eabi/5.3.1/armv6-m/crtbegin.o
                0x0000000020002098                PROVIDE (__init_array_end, .)
                0x0000000020002098                . = ALIGN (0x4)
                [!provide]                        PROVIDE (__fini_array_start, .)
 *(SORT(.fini_array.*))
 *(.fini_array)
 .fini_array    0x0000000020002098        0x4 /Users/george/gcc-arm-none-eabi-5_3-2016q1/bin/../lib/gcc/arm-none-eabi/5.3.1/armv6-m/crtbegin.o
                [!provide]                        PROVIDE (__fini_array_end, .)
 *(.jcr*)
 .jcr           0x000000002000209c        0x0 /Users/george/gcc-arm-none-eabi-5_3-2016q1/bin/../lib/gcc/arm-none-eabi/5.3.1/armv6-m/crtbegin.o
 .jcr           0x000000002000209c        0x4 /Users/george/gcc-arm-none-eabi-5_3-2016q1/bin/../lib/gcc/arm-none-eabi/5.3.1/armv6-m/crtend.o
                0x00000000200020a0                . = ALIGN (0x4)
                0x00000000200020a0                __data_end__ = .
LOAD /Users/george/gcc-arm-none-eabi-5_3-2016q1/bin/../lib/gcc/arm-none-eabi/5.3.1/armv6-m/crti.o
LOAD /Users/george/gcc-arm-none-eabi-5_3-2016q1/bin/../lib/gcc/arm-none-eabi/5.3.1/armv6-m/crtbegin.o
LOAD /Users/george/gcc-arm-none-eabi-5_3-2016q1/bin/../lib/gcc/arm-none-eabi/5.3.1/../../../../arm-none-eabi/lib/armv6-m/crt0.o
LOAD /Users/george/gcc-arm-none-eabi-5_3-2016q1/bin/../lib/gcc/arm-none-eabi/5.3.1/../../../../arm-none-eabi/lib/armv6-m/libc_nano.a
LOAD /Users/george/gcc-arm-none-eabi-5_3-2016q1/bin/../lib/gcc/arm-none-eabi/5.3.1/../../../../arm-none-eabi/lib/armv6-m/libnosys.a
LOAD _build/nrf51422_xxac_app_scheduler.c.o
LOAD _build/nrf51422_xxac_nrf_dfu_settings.c.o
LOAD _build/nrf51422_xxac_nrf_log_backend_serial.c.o
LOAD _build/nrf51422_xxac_nrf_log_frontend.c.o
LOAD _build/nrf51422_xxac_app_button.c.o
LOAD _build/nrf51422_xxac_app_error.c.o
LOAD _build/nrf51422_xxac_app_error_weak.c.o
LOAD _build/nrf51422_xxac_app_timer.c.o
LOAD _build/nrf51422_xxac_app_util_platform.c.o
LOAD _build/nrf51422_xxac_app_uart.c.o
LOAD _build/nrf51422_xxac_crc16.c.o
LOAD _build/nrf51422_xxac_crc32.c.o
LOAD _build/nrf51422_xxac_fds.c.o
LOAD _build/nrf51422_xxac_fstorage.c.o
LOAD _build/nrf51422_xxac_hardfault_implementation.c.o
LOAD _build/nrf51422_xxac_nrf_assert.c.o
LOAD _build/nrf51422_xxac_sdk_errors.c.o
LOAD _build/nrf51422_xxac_sdk_mapped_flags.c.o
LOAD _build/nrf51422_xxac_sensorsim.c.o
LOAD _build/nrf51422_xxac_boards.c.o
LOAD _build/nrf51422_xxac_nrf_drv_clock.c.o
LOAD _build/nrf51422_xxac_nrf_drv_common.c.o
LOAD _build/nrf51422_xxac_nrf_drv_gpiote.c.o
LOAD _build/nrf51422_xxac_nrf_drv_uart.c.o
LOAD _build/nrf51422_xxac_bsp.c.o
LOAD _build/nrf51422_xxac_bsp_btn_ble.c.o
LOAD _build/nrf51422_xxac_bsp_nfc.c.o
LOAD _build/nrf51422_xxac_main.c.o
LOAD _build/nrf51422_xxac_RTT_Syscalls_GCC.c.o
LOAD _build/nrf51422_xxac_SEGGER_RTT.c.o
LOAD _build/nrf51422_xxac_SEGGER_RTT_printf.c.o
LOAD _build/nrf51422_xxac_ble_advdata.c.o
LOAD _build/nrf51422_xxac_ble_advertising.c.o
LOAD _build/nrf51422_xxac_ble_conn_params.c.o
LOAD _build/nrf51422_xxac_ble_conn_state.c.o
LOAD _build/nrf51422_xxac_ble_srv_common.c.o
LOAD _build/nrf51422_xxac_gatt_cache_manager.c.o
LOAD _build/nrf51422_xxac_gatts_cache_manager.c.o
LOAD _build/nrf51422_xxac_id_manager.c.o
LOAD _build/nrf51422_xxac_peer_data.c.o
LOAD _build/nrf51422_xxac_peer_data_storage.c.o
LOAD _build/nrf51422_xxac_peer_database.c.o
LOAD _build/nrf51422_xxac_peer_id.c.o
LOAD _build/nrf51422_xxac_peer_manager.c.o
LOAD _build/nrf51422_xxac_pm_buffer.c.o
LOAD _build/nrf51422_xxac_pm_mutex.c.o
LOAD _build/nrf51422_xxac_security_dispatcher.c.o
LOAD _build/nrf51422_xxac_security_manager.c.o
LOAD _build/nrf51422_xxac_gcc_startup_nrf51.S.o
LOAD _build/nrf51422_xxac_system_nrf51.c.o
LOAD _build/nrf51422_xxac_ble_lbs.c.o
LOAD _build/nrf51422_xxac_softdevice_handler.c.o
LOAD _build/nrf51422_xxac_application.c.o
LOAD _build/nrf51422_xxac_misc.c.o
LOAD /Users/george/gcc-arm-none-eabi-5_3-2016q1/bin/../lib/gcc/arm-none-eabi/5.3.1/../../../../arm-none-eabi/lib/armv6-m/libm.a
START GROUP
LOAD /Users/george/gcc-arm-none-eabi-5_3-2016q1/bin/../lib/gcc/arm-none-eabi/5.3.1/armv6-m/libgcc.a
LOAD /Users/george/gcc-arm-none-eabi-5_3-2016q1/bin/../lib/gcc/arm-none-eabi/5.3.1/../../../../arm-none-eabi/lib/armv6-m/libc_nano.a
END GROUP
START GROUP
LOAD /Users/george/gcc-arm-none-eabi-5_3-2016q1/bin/../lib/gcc/arm-none-eabi/5.3.1/armv6-m/libgcc.a
LOAD /Users/george/gcc-arm-none-eabi-5_3-2016q1/bin/../lib/gcc/arm-none-eabi/5.3.1/../../../../arm-none-eabi/lib/armv6-m/libc_nano.a
END GROUP
LOAD /Users/george/gcc-arm-none-eabi-5_3-2016q1/bin/../lib/gcc/arm-none-eabi/5.3.1/armv6-m/crtend.o
LOAD /Users/george/gcc-arm-none-eabi-5_3-2016q1/bin/../lib/gcc/arm-none-eabi/5.3.1/armv6-m/crtn.o
START GROUP
LOAD /Users/george/gcc-arm-none-eabi-5_3-2016q1/bin/../lib/gcc/arm-none-eabi/5.3.1/armv6-m/libgcc.a
LOAD /Users/george/gcc-arm-none-eabi-5_3-2016q1/bin/../lib/gcc/arm-none-eabi/5.3.1/../../../../arm-none-eabi/lib/armv6-m/libc.a
LOAD /Users/george/gcc-arm-none-eabi-5_3-2016q1/bin/../lib/gcc/arm-none-eabi/5.3.1/../../../../arm-none-eabi/lib/armv6-m/libnosys.a
END GROUP

.igot.plt       0x00000000200020a0        0x0 load address 0x0000000000027b44
 .igot.plt      0x00000000200020a0        0x0 /Users/george/gcc-arm-none-eabi-5_3-2016q1/bin/../lib/gcc/arm-none-eabi/5.3.1/armv6-m/crtbegin.o

.bootloaderSettings
                0x000000000003fc00      0x400
 .bootloaderSettings
                0x000000000003fc00      0x400 _build/nrf51422_xxac_nrf_dfu_settings.c.o
                0x000000000003fc00                m_dfu_settings_buffer

.fs_data        0x00000000200020a0       0x20 load address 0x0000000000027b44
                0x00000000200020a0                PROVIDE (__start_fs_data, .)
 *(.fs_data)
 .fs_data       0x00000000200020a0       0x10 _build/nrf51422_xxac_fds.c.o
 .fs_data       0x00000000200020b0       0x10 _build/nrf51422_xxac_main.c.o
                0x00000000200020c0                PROVIDE (__stop_fs_data, .)

.pwr_mgmt_data  0x00000000200020c0        0x0
                [!provide]                        PROVIDE (__start_pwr_mgmt_data, .)
 *(.pwr_mgmt_data)
                [!provide]                        PROVIDE (__stop_pwr_mgmt_data, .)

.bss            0x00000000200020c0     0x130c load address 0x0000000000027b64
                0x00000000200020c0                . = ALIGN (0x4)
                0x00000000200020c0                __bss_start__ = .
 *(.bss*)
 .bss           0x00000000200020c0       0x1c /Users/george/gcc-arm-none-eabi-5_3-2016q1/bin/../lib/gcc/arm-none-eabi/5.3.1/armv6-m/crtbegin.o
 .bss.m_queue_event_headers
                0x00000000200020dc        0x4 _build/nrf51422_xxac_app_scheduler.c.o
 .bss.m_queue_event_data
                0x00000000200020e0        0x4 _build/nrf51422_xxac_app_scheduler.c.o
 .bss.m_queue_event_size
                0x00000000200020e4        0x2 _build/nrf51422_xxac_app_scheduler.c.o
 .bss.m_queue_start_index
                0x00000000200020e6        0x1 _build/nrf51422_xxac_app_scheduler.c.o
 .bss.m_queue_end_index
                0x00000000200020e7        0x1 _build/nrf51422_xxac_app_scheduler.c.o
 .bss.m_queue_size
                0x00000000200020e8        0x2 _build/nrf51422_xxac_app_scheduler.c.o
 .bss.flash_operation_pending
                0x00000000200020ea        0x1 _build/nrf51422_xxac_nrf_dfu_settings.c.o
 *fill*         0x00000000200020eb        0x1 
 .bss.m_callback
                0x00000000200020ec        0x4 _build/nrf51422_xxac_nrf_dfu_settings.c.o
 .bss.temp_dfu_settings.6165
                0x00000000200020f0      0x15c _build/nrf51422_xxac_nrf_dfu_settings.c.o
 .bss.m_uart_buffer
                0x000000002000224c      0x100 _build/nrf51422_xxac_nrf_log_backend_serial.c.o
 .bss.m_rx_done
                0x000000002000234c        0x1 _build/nrf51422_xxac_nrf_log_backend_serial.c.o
 .bss.m_blocking_mode
                0x000000002000234d        0x1 _build/nrf51422_xxac_nrf_log_backend_serial.c.o
 .bss.m_initialized
                0x000000002000234e        0x1 _build/nrf51422_xxac_nrf_log_backend_serial.c.o
 *fill*         0x000000002000234f        0x1 
 .bss.m_log_data
                0x0000000020002350      0x418 _build/nrf51422_xxac_nrf_log_frontend.c.o
 .bss.m_ticks_latest
                0x0000000020002768        0x4 _build/nrf51422_xxac_app_timer.c.o
 .bss.mp_timer_id_head
                0x000000002000276c        0x4 _build/nrf51422_xxac_app_timer.c.o
 .bss.m_evt_schedule_func
                0x0000000020002770        0x4 _build/nrf51422_xxac_app_timer.c.o
 .bss.m_ticks_elapsed_q_read_ind
                0x0000000020002774        0x1 _build/nrf51422_xxac_app_timer.c.o
 .bss.m_ticks_elapsed_q_write_ind
                0x0000000020002775        0x1 _build/nrf51422_xxac_app_timer.c.o
 .bss.m_rtc1_reset
                0x0000000020002776        0x1 _build/nrf51422_xxac_app_timer.c.o
 *fill*         0x0000000020002777        0x1 
 .bss.m_op_queue
                0x0000000020002778        0x8 _build/nrf51422_xxac_app_timer.c.o
 .bss.m_ticks_elapsed
                0x0000000020002780        0x8 _build/nrf51422_xxac_app_timer.c.o
 .bss.m_rtc1_running
                0x0000000020002788        0x1 _build/nrf51422_xxac_app_timer.c.o
 *fill*         0x0000000020002789        0x3 
 .bss.m_chunk_queue
                0x000000002000278c       0x48 _build/nrf51422_xxac_fds.c.o
 .bss.m_latest_rec_id
                0x00000000200027d4        0x4 _build/nrf51422_xxac_fds.c.o
 .bss.tok.6438  0x00000000200027d8        0x8 _build/nrf51422_xxac_fds.c.o
 .bss.m_users   0x00000000200027e0        0x1 _build/nrf51422_xxac_fds.c.o
 *fill*         0x00000000200027e1        0x3 
 .bss.m_pages   0x00000000200027e4       0x20 _build/nrf51422_xxac_fds.c.o
 .bss.m_gc      0x0000000020002804       0x10 _build/nrf51422_xxac_fds.c.o
 .bss.m_op_queue
                0x0000000020002814       0x78 _build/nrf51422_xxac_fds.c.o
 .bss.m_swap_page
                0x000000002000288c        0x8 _build/nrf51422_xxac_fds.c.o
 .bss.m_flags   0x0000000020002894        0x1 _build/nrf51422_xxac_fds.c.o
 *fill*         0x0000000020002895        0x3 
 .bss.desc.6532
                0x0000000020002898        0xc _build/nrf51422_xxac_fds.c.o
 .bss.m_cb_table
                0x00000000200028a4       0x20 _build/nrf51422_xxac_fds.c.o
 .bss.m_flags   0x00000000200028c4        0x1 _build/nrf51422_xxac_fstorage.c.o
 *fill*         0x00000000200028c5        0x3 
 .bss.m_queue   0x00000000200028c8       0x68 _build/nrf51422_xxac_fstorage.c.o
 .bss.m_retry_count
                0x0000000020002930        0x1 _build/nrf51422_xxac_fstorage.c.o
 *fill*         0x0000000020002931        0x3 
 .bss.m_clock_cb
                0x0000000020002934       0x14 _build/nrf51422_xxac_nrf_drv_clock.c.o
 .bss.m_cb      0x0000000020002948       0x48 _build/nrf51422_xxac_nrf_drv_gpiote.c.o
 .bss.m_cb      0x0000000020002990       0x1c _build/nrf51422_xxac_nrf_drv_uart.c.o
 .bss.m_leds_timer_id_data
                0x00000000200029ac       0x20 _build/nrf51422_xxac_bsp.c.o
 .bss.m_indication_type
                0x00000000200029cc        0x4 _build/nrf51422_xxac_bsp.c.o
 .bss.m_leds_clear
                0x00000000200029d0        0x1 _build/nrf51422_xxac_bsp.c.o
 *fill*         0x00000000200029d1        0x3 
 .bss.m_app_ticks_per_100ms
                0x00000000200029d4        0x4 _build/nrf51422_xxac_bsp.c.o
 .bss.m_stable_state
                0x00000000200029d8        0x1 _build/nrf51422_xxac_bsp.c.o
 *fill*         0x00000000200029d9        0x3 
 .bss.m_alert_timer_id_data
                0x00000000200029dc       0x20 _build/nrf51422_xxac_bsp.c.o
 .bss.m_events_list
                0x00000000200029fc        0xc _build/nrf51422_xxac_bsp.c.o
 .bss.m_error_handler
                0x0000000020002a08        0x4 _build/nrf51422_xxac_bsp_btn_ble.c.o
 .bss.m_num_connections
                0x0000000020002a0c        0x4 _build/nrf51422_xxac_bsp_btn_ble.c.o
 .bss.m_pulse_timer_id_data
                0x0000000020002a10       0x20 _build/nrf51422_xxac_main.c.o
 .bss.BLE_EVT_BUFFER.9268
                0x0000000020002a30       0x48 _build/nrf51422_xxac_main.c.o
 .bss.m_led_timer_id_data
                0x0000000020002a78       0x20 _build/nrf51422_xxac_main.c.o
 .bss.m_flags   0x0000000020002a98        0x4 _build/nrf51422_xxac_main.c.o
 .bss.lastTickCount.9323
                0x0000000020002a9c        0x4 _build/nrf51422_xxac_main.c.o
 .bss.m_pause_timer_id_data
                0x0000000020002aa0       0x20 _build/nrf51422_xxac_main.c.o
 .bss.ledState  0x0000000020002ac0        0x1 _build/nrf51422_xxac_main.c.o
                0x0000000020002ac0                ledState
 *fill*         0x0000000020002ac1        0x3 
 .bss.globalCounter
                0x0000000020002ac4        0x4 _build/nrf51422_xxac_main.c.o
                0x0000000020002ac4                globalCounter
 .bss.m_global_timer_id_data
                0x0000000020002ac8       0x20 _build/nrf51422_xxac_main.c.o
 .bss.APP_TIMER_BUF.9171
                0x0000000020002ae8       0x78 _build/nrf51422_xxac_main.c.o
 .bss.m_advdata
                0x0000000020002b60       0x3c _build/nrf51422_xxac_ble_advertising.c.o
 .bss.m_manuf_specific_data
                0x0000000020002b9c        0xc _build/nrf51422_xxac_ble_advertising.c.o
 .bss.m_evt_handler
                0x0000000020002ba8        0x4 _build/nrf51422_xxac_ble_advertising.c.o
 .bss.m_advertising_start_pending
                0x0000000020002bac        0x1 _build/nrf51422_xxac_ble_advertising.c.o
 *fill*         0x0000000020002bad        0x3 
 .bss.m_manuf_data_array
                0x0000000020002bb0       0x1f _build/nrf51422_xxac_ble_advertising.c.o
 .bss.m_whitelist_temporarily_disabled
                0x0000000020002bcf        0x1 _build/nrf51422_xxac_ble_advertising.c.o
 .bss.m_error_handler
                0x0000000020002bd0        0x4 _build/nrf51422_xxac_ble_advertising.c.o
 .bss.m_peer_address
                0x0000000020002bd4        0x7 _build/nrf51422_xxac_ble_advertising.c.o
 *fill*         0x0000000020002bdb        0x1 
 .bss.m_adv_modes_config
                0x0000000020002bdc       0x20 _build/nrf51422_xxac_ble_advertising.c.o
 .bss.m_p_whitelist_irks
                0x0000000020002bfc       0x20 _build/nrf51422_xxac_ble_advertising.c.o
 .bss.m_slave_conn_int
                0x0000000020002c1c        0x4 _build/nrf51422_xxac_ble_advertising.c.o
 .bss.m_service_data_array
                0x0000000020002c20       0x1f _build/nrf51422_xxac_ble_advertising.c.o
 *fill*         0x0000000020002c3f        0x1 
 .bss.m_whitelist_irks
                0x0000000020002c40       0x80 _build/nrf51422_xxac_ble_advertising.c.o
 .bss.m_whitelist_reply_expected
                0x0000000020002cc0        0x1 _build/nrf51422_xxac_ble_advertising.c.o
 *fill*         0x0000000020002cc1        0x1 
 .bss.m_current_slave_link_conn_handle
                0x0000000020002cc2        0x2 _build/nrf51422_xxac_ble_advertising.c.o
 .bss.m_whitelist_addrs
                0x0000000020002cc4       0x38 _build/nrf51422_xxac_ble_advertising.c.o
 .bss.m_adv_mode_current
                0x0000000020002cfc        0x1 _build/nrf51422_xxac_ble_advertising.c.o
 .bss.m_peer_addr_reply_expected
                0x0000000020002cfd        0x1 _build/nrf51422_xxac_ble_advertising.c.o
 .bss.m_initialized
                0x0000000020002cfe        0x1 _build/nrf51422_xxac_ble_advertising.c.o
 *fill*         0x0000000020002cff        0x1 
 .bss.m_service_data
                0x0000000020002d00        0xc _build/nrf51422_xxac_ble_advertising.c.o
 .bss.m_adv_evt
                0x0000000020002d0c        0x1 _build/nrf51422_xxac_ble_advertising.c.o
 *fill*         0x0000000020002d0d        0x3 
 .bss.m_p_whitelist_addrs
                0x0000000020002d10       0x20 _build/nrf51422_xxac_ble_advertising.c.o
 .bss.m_change_param
                0x0000000020002d30        0x1 _build/nrf51422_xxac_ble_conn_params.c.o
 *fill*         0x0000000020002d31        0x3 
 .bss.m_current_conn_params
                0x0000000020002d34        0x8 _build/nrf51422_xxac_ble_conn_params.c.o
 .bss.m_update_count
                0x0000000020002d3c        0x1 _build/nrf51422_xxac_ble_conn_params.c.o
 *fill*         0x0000000020002d3d        0x3 
 .bss.m_conn_params_config
                0x0000000020002d40       0x1c _build/nrf51422_xxac_ble_conn_params.c.o
 .bss.m_conn_params_timer_id_data
                0x0000000020002d5c       0x20 _build/nrf51422_xxac_ble_conn_params.c.o
 .bss.m_conn_handle
                0x0000000020002d7c        0x2 _build/nrf51422_xxac_ble_conn_params.c.o
 *fill*         0x0000000020002d7e        0x2 
 .bss.m_preferred_conn_params
                0x0000000020002d80        0x8 _build/nrf51422_xxac_ble_conn_params.c.o
 .bss.m_bcs     0x0000000020002d88       0x34 _build/nrf51422_xxac_ble_conn_state.c.o
 .bss.m_flag_service_changed_pending
                0x0000000020002dbc        0x1 _build/nrf51422_xxac_gatt_cache_manager.c.o
 .bss.m_flag_service_changed_sent
                0x0000000020002dbd        0x1 _build/nrf51422_xxac_gatt_cache_manager.c.o
 .bss.m_flag_local_db_update_pending
                0x0000000020002dbe        0x1 _build/nrf51422_xxac_gatt_cache_manager.c.o
 .bss.m_flag_local_db_apply_pending
                0x0000000020002dbf        0x1 _build/nrf51422_xxac_gatt_cache_manager.c.o
 .bss.m_current_sc_store_peer_id
                0x0000000020002dc0        0x2 _build/nrf51422_xxac_gatts_cache_manager.c.o
 .bss.start_handle.7231
                0x0000000020002dc2        0x2 _build/nrf51422_xxac_gatts_cache_manager.c.o
 .bss.m_connections
                0x0000000020002dc4       0x60 _build/nrf51422_xxac_id_manager.c.o
 .bss.m_current_id_addr
                0x0000000020002e24        0x7 _build/nrf51422_xxac_id_manager.c.o
 .bss.m_conn_state_user_flag_id
                0x0000000020002e2b        0x1 _build/nrf51422_xxac_id_manager.c.o
 .bss.m_fds_ftok
                0x0000000020002e2c        0x8 _build/nrf51422_xxac_peer_data_storage.c.o
 .bss.m_peer_delete_queued
                0x0000000020002e34        0x1 _build/nrf51422_xxac_peer_data_storage.c.o
 .bss.m_peer_delete_ongoing
                0x0000000020002e35        0x1 _build/nrf51422_xxac_peer_data_storage.c.o
 *fill*         0x0000000020002e36        0x2 
 .bss.m_write_buffer_records
                0x0000000020002e38       0xa0 _build/nrf51422_xxac_peer_database.c.o
 .bss.m_n_writes
                0x0000000020002ed8        0x4 _build/nrf51422_xxac_peer_database.c.o
 .bss.buffer_memory.7253
                0x0000000020002edc      0x280 _build/nrf51422_xxac_peer_database.c.o
 .bss.m_write_buffer
                0x000000002000315c       0x10 _build/nrf51422_xxac_peer_database.c.o
 .bss.mutex_memory.7254
                0x000000002000316c        0x1 _build/nrf51422_xxac_peer_database.c.o
 *fill*         0x000000002000316d        0x3 
 .bss.m_pi      0x0000000020003170       0x40 _build/nrf51422_xxac_peer_id.c.o
 .bss.m_pairing_flag_id
                0x00000000200031b0        0x1 _build/nrf51422_xxac_peer_manager.c.o
 *fill*         0x00000000200031b1        0x3 
 .bss.m_current_highest_peer_rank
                0x00000000200031b4        0x4 _build/nrf51422_xxac_peer_manager.c.o
 .bss.m_module_initialized
                0x00000000200031b8        0x1 _build/nrf51422_xxac_peer_manager.c.o
 *fill*         0x00000000200031b9        0x3 
 .bss.m_evt_handlers
                0x00000000200031bc        0xc _build/nrf51422_xxac_peer_manager.c.o
 .bss.m_peer_rank_initialized
                0x00000000200031c8        0x1 _build/nrf51422_xxac_peer_manager.c.o
 .bss.m_deleting_all
                0x00000000200031c9        0x1 _build/nrf51422_xxac_peer_manager.c.o
 .bss.m_n_registrants
                0x00000000200031ca        0x1 _build/nrf51422_xxac_peer_manager.c.o
 *fill*         0x00000000200031cb        0x1 
 .bss.m_peer_rank_token
                0x00000000200031cc        0x4 _build/nrf51422_xxac_peer_manager.c.o
 .bss.m_bonding_flag_id
                0x00000000200031d0        0x1 _build/nrf51422_xxac_peer_manager.c.o
 *fill*         0x00000000200031d1        0x1 
 .bss.m_highest_ranked_peer
                0x00000000200031d2        0x2 _build/nrf51422_xxac_peer_manager.c.o
 .bss.m_peer_pk
                0x00000000200031d4       0x40 _build/nrf51422_xxac_security_dispatcher.c.o
 .bss.m_p_public_key
                0x0000000020003214        0x4 _build/nrf51422_xxac_security_manager.c.o
 .bss.m_sec_params
                0x0000000020003218        0x5 _build/nrf51422_xxac_security_manager.c.o
 .bss.m_sec_params_valid
                0x000000002000321d        0x1 _build/nrf51422_xxac_security_manager.c.o
 .bss.m_suspended
                0x000000002000321e        0x1 _build/nrf51422_xxac_softdevice_handler.c.o
 .bss.m_softdevice_enabled
                0x000000002000321f        0x1 _build/nrf51422_xxac_softdevice_handler.c.o
 .bss.m_ble_evt_buffer_size
                0x0000000020003220        0x2 _build/nrf51422_xxac_softdevice_handler.c.o
 *fill*         0x0000000020003222        0x2 
 .bss.mp_ble_evt_buffer
                0x0000000020003224        0x4 _build/nrf51422_xxac_softdevice_handler.c.o
 .bss.m_sys_evt_handler
                0x0000000020003228        0x4 _build/nrf51422_xxac_softdevice_handler.c.o
 .bss.m_ble_evt_handler
                0x000000002000322c        0x4 _build/nrf51422_xxac_softdevice_handler.c.o
 .bss.m_evt_schedule_func
                0x0000000020003230        0x4 _build/nrf51422_xxac_softdevice_handler.c.o
 .bss.enableLED
                0x0000000020003234        0x1 _build/nrf51422_xxac_application.c.o
                0x0000000020003234                enableLED
 .bss.numberOfQuarterPulses
                0x0000000020003235        0x1 _build/nrf51422_xxac_application.c.o
                0x0000000020003235                numberOfQuarterPulses
 .bss.quarterCount
                0x0000000020003236        0x2 _build/nrf51422_xxac_application.c.o
 .bss.isAutoSendEnabled
                0x0000000020003238        0x1 _build/nrf51422_xxac_application.c.o
 *fill*         0x0000000020003239        0x3 
 .bss.__malloc_sbrk_start
                0x000000002000323c        0x4 /Users/george/gcc-arm-none-eabi-5_3-2016q1/bin/../lib/gcc/arm-none-eabi/5.3.1/../../../../arm-none-eabi/lib/armv6-m/libc_nano.a(lib_a-nano-mallocr.o)
                0x000000002000323c                __malloc_sbrk_start
 .bss.__malloc_free_list
                0x0000000020003240        0x4 /Users/george/gcc-arm-none-eabi-5_3-2016q1/bin/../lib/gcc/arm-none-eabi/5.3.1/../../../../arm-none-eabi/lib/armv6-m/libc_nano.a(lib_a-nano-mallocr.o)
                0x0000000020003240                __malloc_free_list
 .bss.heap_end.4167
                0x0000000020003244        0x4 /Users/george/gcc-arm-none-eabi-5_3-2016q1/bin/../lib/gcc/arm-none-eabi/5.3.1/../../../../arm-none-eabi/lib/armv6-m/libnosys.a(sbrk.o)
 *(COMMON)
 COMMON         0x0000000020003248      0x15c _build/nrf51422_xxac_nrf_dfu_settings.c.o
                0x0000000020003248                s_dfu_settings
 COMMON         0x00000000200033a4        0x8 _build/nrf51422_xxac_app_util_platform.c.o
                0x00000000200033a4                nrf_nvic_state
 COMMON         0x00000000200033ac       0x1c _build/nrf51422_xxac_main.c.o
                0x00000000200033ac                b_ble
 COMMON         0x00000000200033c8        0x4 /Users/george/gcc-arm-none-eabi-5_3-2016q1/bin/../lib/gcc/arm-none-eabi/5.3.1/../../../../arm-none-eabi/lib/armv6-m/libc_nano.a(lib_a-reent.o)
                0x00000000200033c8                errno
                0x00000000200033cc                . = ALIGN (0x4)
                0x00000000200033cc                __bss_end__ = .

.heap           0x00000000200033d0      0x800
                0x00000000200033d0                __HeapBase = .
                0x00000000200033d0                __end__ = .
                0x00000000200033d0                PROVIDE (end, .)
 *(.heap*)
 .heap          0x00000000200033d0      0x800 _build/nrf51422_xxac_gcc_startup_nrf51.S.o
                0x0000000020003bd0                __HeapLimit = .

.stack_dummy    0x00000000200033d0      0x800
 *(.stack*)
 .stack         0x00000000200033d0      0x800 _build/nrf51422_xxac_gcc_startup_nrf51.S.o
                0x0000000020008000                __StackTop = (ORIGIN (RAM) + LENGTH (RAM))
                0x0000000020007800                __StackLimit = (__StackTop - SIZEOF (.stack_dummy))
                0x0000000020008000                PROVIDE (__stack, __StackTop)
                0x0000000000000001                ASSERT ((__StackLimit >= __HeapLimit), region RAM overflowed with stack)
OUTPUT(_build/nrf51422_xxac.out elf32-littlearm)

.ARM.attributes
                0x0000000000000000       0x28
 .ARM.attributes
                0x0000000000000000       0x1e /Users/george/gcc-arm-none-eabi-5_3-2016q1/bin/../lib/gcc/arm-none-eabi/5.3.1/armv6-m/crti.o
 .ARM.attributes
                0x000000000000001e       0x2c /Users/george/gcc-arm-none-eabi-5_3-2016q1/bin/../lib/gcc/arm-none-eabi/5.3.1/armv6-m/crtbegin.o
 .ARM.attributes
                0x000000000000004a       0x1b /Users/george/gcc-arm-none-eabi-5_3-2016q1/bin/../lib/gcc/arm-none-eabi/5.3.1/../../../../arm-none-eabi/lib/armv6-m/crt0.o
 .ARM.attributes
                0x0000000000000065       0x2c /Users/george/gcc-arm-none-eabi-5_3-2016q1/bin/../lib/gcc/arm-none-eabi/5.3.1/../../../../arm-none-eabi/lib/armv6-m/libc_nano.a(lib_a-exit.o)
 .ARM.attributes
                0x0000000000000091       0x2c /Users/george/gcc-arm-none-eabi-5_3-2016q1/bin/../lib/gcc/arm-none-eabi/5.3.1/../../../../arm-none-eabi/lib/armv6-m/libc_nano.a(lib_a-impure.o)
 .ARM.attributes
                0x00000000000000bd       0x2c /Users/george/gcc-arm-none-eabi-5_3-2016q1/bin/../lib/gcc/arm-none-eabi/5.3.1/../../../../arm-none-eabi/lib/armv6-m/libc_nano.a(lib_a-init.o)
 .ARM.attributes
                0x00000000000000e9       0x2c /Users/george/gcc-arm-none-eabi-5_3-2016q1/bin/../lib/gcc/arm-none-eabi/5.3.1/../../../../arm-none-eabi/lib/armv6-m/libc_nano.a(lib_a-memset.o)
 .ARM.attributes
                0x0000000000000115       0x2c /Users/george/gcc-arm-none-eabi-5_3-2016q1/bin/../lib/gcc/arm-none-eabi/5.3.1/../../../../arm-none-eabi/lib/armv6-m/libnosys.a(_exit.o)
 .ARM.attributes
                0x0000000000000141       0x31 _build/nrf51422_xxac_app_scheduler.c.o
 .ARM.attributes
                0x0000000000000172       0x31 _build/nrf51422_xxac_nrf_dfu_settings.c.o
 .ARM.attributes
                0x00000000000001a3       0x31 _build/nrf51422_xxac_nrf_log_backend_serial.c.o
 .ARM.attributes
                0x00000000000001d4       0x31 _build/nrf51422_xxac_nrf_log_frontend.c.o
 .ARM.attributes
                0x0000000000000205       0x31 _build/nrf51422_xxac_app_error.c.o
 .ARM.attributes
                0x0000000000000236       0x31 _build/nrf51422_xxac_app_error_weak.c.o
 .ARM.attributes
                0x0000000000000267       0x31 _build/nrf51422_xxac_app_timer.c.o
 .ARM.attributes
                0x0000000000000298       0x31 _build/nrf51422_xxac_app_util_platform.c.o
 .ARM.attributes
                0x00000000000002c9       0x31 _build/nrf51422_xxac_crc32.c.o
 .ARM.attributes
                0x00000000000002fa       0x31 _build/nrf51422_xxac_fds.c.o
 .ARM.attributes
                0x000000000000032b       0x31 _build/nrf51422_xxac_fstorage.c.o
 .ARM.attributes
                0x000000000000035c       0x31 _build/nrf51422_xxac_sdk_mapped_flags.c.o
 .ARM.attributes
                0x000000000000038d       0x31 _build/nrf51422_xxac_boards.c.o
 .ARM.attributes
                0x00000000000003be       0x31 _build/nrf51422_xxac_nrf_drv_clock.c.o
 .ARM.attributes
                0x00000000000003ef       0x31 _build/nrf51422_xxac_nrf_drv_common.c.o
 .ARM.attributes
                0x0000000000000420       0x31 _build/nrf51422_xxac_nrf_drv_gpiote.c.o
 .ARM.attributes
                0x0000000000000451       0x31 _build/nrf51422_xxac_nrf_drv_uart.c.o
 .ARM.attributes
                0x0000000000000482       0x31 _build/nrf51422_xxac_bsp.c.o
 .ARM.attributes
                0x00000000000004b3       0x31 _build/nrf51422_xxac_bsp_btn_ble.c.o
 .ARM.attributes
                0x00000000000004e4       0x31 _build/nrf51422_xxac_main.c.o
 .ARM.attributes
                0x0000000000000515       0x31 _build/nrf51422_xxac_ble_advdata.c.o
 .ARM.attributes
                0x0000000000000546       0x31 _build/nrf51422_xxac_ble_advertising.c.o
 .ARM.attributes
                0x0000000000000577       0x31 _build/nrf51422_xxac_ble_conn_params.c.o
 .ARM.attributes
                0x00000000000005a8       0x31 _build/nrf51422_xxac_ble_conn_state.c.o
 .ARM.attributes
                0x00000000000005d9       0x31 _build/nrf51422_xxac_ble_srv_common.c.o
 .ARM.attributes
                0x000000000000060a       0x31 _build/nrf51422_xxac_gatt_cache_manager.c.o
 .ARM.attributes
                0x000000000000063b       0x31 _build/nrf51422_xxac_gatts_cache_manager.c.o
 .ARM.attributes
                0x000000000000066c       0x31 _build/nrf51422_xxac_id_manager.c.o
 .ARM.attributes
                0x000000000000069d       0x31 _build/nrf51422_xxac_peer_data_storage.c.o
 .ARM.attributes
                0x00000000000006ce       0x31 _build/nrf51422_xxac_peer_database.c.o
 .ARM.attributes
                0x00000000000006ff       0x31 _build/nrf51422_xxac_peer_id.c.o
 .ARM.attributes
                0x0000000000000730       0x31 _build/nrf51422_xxac_peer_manager.c.o
 .ARM.attributes
                0x0000000000000761       0x31 _build/nrf51422_xxac_pm_buffer.c.o
 .ARM.attributes
                0x0000000000000792       0x31 _build/nrf51422_xxac_pm_mutex.c.o
 .ARM.attributes
                0x00000000000007c3       0x31 _build/nrf51422_xxac_security_dispatcher.c.o
 .ARM.attributes